
 Start         Length     Name                   Class
 0001:00401000 000C209CH .text                   CODE
 0002:004C4000 00000D0CH .itext                  ICODE
 0003:004C5000 00002678H .data                   DATA
 0004:004C8000 00005334H .bss                    BSS
 0005:00000000 0000003CH .tls                    TLS


Detailed map of segments

 0001:00000000 00009561 C=CODE     S=.text    G=(none)   M=System   ACBP=A9
 0001:00009564 0000010D C=CODE     S=.text    G=(none)   M=SysInit  ACBP=A9
 0001:00009674 00000428 C=CODE     S=.text    G=(none)   M=Types    ACBP=A9
 0001:00009A9C 00001BA9 C=CODE     S=.text    G=(none)   M=Windows  ACBP=A9
 0001:0000B648 0000023D C=CODE     S=.text    G=(none)   M=Messages ACBP=A9
 0001:0000B888 0000018A C=CODE     S=.text    G=(none)   M=ActiveX  ACBP=A9
 0001:0000BA14 00000116 C=CODE     S=.text    G=(none)   M=CommCtrl ACBP=A9
 0001:0000BB2C 00000348 C=CODE     S=.text    G=(none)   M=SysConst ACBP=A9
 0001:0000BE74 000001E8 C=CODE     S=.text    G=(none)   M=RTLConsts ACBP=A9
 0001:0000C05C 00000230 C=CODE     S=.text    G=(none)   M=Character ACBP=A9
 0001:0000C28C 00000341 C=CODE     S=.text    G=(none)   M=StrUtils ACBP=A9
 0001:0000C5D0 0000D4F3 C=CODE     S=.text    G=(none)   M=SysUtils ACBP=A9
 0001:00019AC4 000007D3 C=CODE     S=.text    G=(none)   M=VarUtils ACBP=A9
 0001:0001A298 0000818C C=CODE     S=.text    G=(none)   M=Variants ACBP=A9
 0001:00022424 0000180B C=CODE     S=.text    G=(none)   M=TypInfo  ACBP=A9
 0001:00023C30 00019410 C=CODE     S=.text    G=(none)   M=Classes  ACBP=A9
 0001:0003D040 000002B0 C=CODE     S=.text    G=(none)   M=TimeSpan ACBP=A9
 0001:0003D2F0 000014EB C=CODE     S=.text    G=(none)   M=SyncObjs ACBP=A9
 0001:0003E7DC 00000D46 C=CODE     S=.text    G=(none)   M=UxTheme  ACBP=A9
 0001:0003F524 0000005B C=CODE     S=.text    G=(none)   M=Dwmapi   ACBP=A9
 0001:0003F580 000009B9 C=CODE     S=.text    G=(none)   M=Contnrs  ACBP=A9
 0001:0003FF3C 00001FDE C=CODE     S=.text    G=(none)   M=HelpIntfs ACBP=A9
 0001:00041F1C 0000086B C=CODE     S=.text    G=(none)   M=MultiMon ACBP=A9
 0001:00042788 000002C8 C=CODE     S=.text    G=(none)   M=Consts   ACBP=A9
 0001:00042A50 00000AC4 C=CODE     S=.text    G=(none)   M=IOUtils  ACBP=A9
 0001:00043514 000022BB C=CODE     S=.text    G=(none)   M=IniFiles ACBP=A9
 0001:000457D0 000030A2 C=CODE     S=.text    G=(none)   M=Registry ACBP=A9
 0001:00048874 0000D524 C=CODE     S=.text    G=(none)   M=Graphics ACBP=A9
 0001:00055D98 0000178A C=CODE     S=.text    G=(none)   M=GraphUtil ACBP=A9
 0001:00057524 000001D0 C=CODE     S=.text    G=(none)   M=ShlObj   ACBP=A9
 0001:000576F4 0000914C C=CODE     S=.text    G=(none)   M=StdCtrls ACBP=A9
 0001:00060840 0000024E C=CODE     S=.text    G=(none)   M=CommDlg  ACBP=A9
 0001:00060A90 00000026 C=CODE     S=.text    G=(none)   M=WinSpool ACBP=A9
 0001:00060AB8 00001DDB C=CODE     S=.text    G=(none)   M=Printers ACBP=A9
 0001:00062894 00000047 C=CODE     S=.text    G=(none)   M=WideStrUtils ACBP=A9
 0001:000628DC 00000013 C=CODE     S=.text    G=(none)   M=Clipbrd  ACBP=A9
 0001:000628F0 000003E7 C=CODE     S=.text    G=(none)   M=ExtCtrls ACBP=A9
 0001:00062CD8 00000415 C=CODE     S=.text    G=(none)   M=ComCtrls ACBP=A9
 0001:000630F0 000065D0 C=CODE     S=.text    G=(none)   M=Dialogs  ACBP=A9
 0001:000696C0 00000189 C=CODE     S=.text    G=(none)   M=StdActns ACBP=A9
 0001:0006984C 00000387 C=CODE     S=.text    G=(none)   M=FlatSB   ACBP=A9
 0001:00069BD4 00009E75 C=CODE     S=.text    G=(none)   M=Menus    ACBP=A9
 0001:00073A4C 0001F9B8 C=CODE     S=.text    G=(none)   M=Controls ACBP=A9
 0001:00093404 0000580E C=CODE     S=.text    G=(none)   M=Themes   ACBP=A9
 0001:00098C14 00003961 C=CODE     S=.text    G=(none)   M=ImgList  ACBP=A9
 0001:0009C578 0000235F C=CODE     S=.text    G=(none)   M=ActnList ACBP=A9
 0001:0009E8D8 00015799 C=CODE     S=.text    G=(none)   M=Forms    ACBP=A9
 0001:000B4074 000000A6 C=CODE     S=.text    G=(none)   M=Buttons  ACBP=A9
 0001:000B411C 00000006 C=CODE     S=.text    G=(none)   M=FileCtrl ACBP=A9
 0001:000B4124 0000002E C=CODE     S=.text    G=(none)   M=WinSvc   ACBP=A9
 0001:000B4154 0000021F C=CODE     S=.text    G=(none)   M=ServiceUnit ACBP=A9
 0001:000B4374 00008936 C=CODE     S=.text    G=(none)   M=main     ACBP=A9
 0001:000BCCAC 0000070F C=CODE     S=.text    G=(none)   M=DirectOutput_explicit ACBP=A9
 0001:000BD3BC 00004CDD C=CODE     S=.text    G=(none)   M=x52      ACBP=A9
 0002:00000000 000000AA C=ICODE    S=.itext   G=(none)   M=System   ACBP=A9
 0002:000000AC 00000016 C=ICODE    S=.itext   G=(none)   M=Windows  ACBP=A9
 0002:000000C4 000000B4 C=ICODE    S=.itext   G=(none)   M=SysUtils ACBP=A9
 0002:00000178 0000000F C=ICODE    S=.itext   G=(none)   M=VarUtils ACBP=A9
 0002:00000188 000000AA C=ICODE    S=.itext   G=(none)   M=Variants ACBP=A9
 0002:00000234 00000008 C=ICODE    S=.itext   G=(none)   M=TypInfo  ACBP=A9
 0002:0000023C 0000009D C=ICODE    S=.itext   G=(none)   M=Classes  ACBP=A9
 0002:000002DC 00000032 C=ICODE    S=.itext   G=(none)   M=TimeSpan ACBP=A9
 0002:00000310 0000000F C=ICODE    S=.itext   G=(none)   M=SyncObjs ACBP=A9
 0002:00000320 0000001B C=ICODE    S=.itext   G=(none)   M=UxTheme  ACBP=A9
 0002:0000033C 00000008 C=ICODE    S=.itext   G=(none)   M=HelpIntfs ACBP=A9
 0002:00000344 0000000F C=ICODE    S=.itext   G=(none)   M=MultiMon ACBP=A9
 0002:00000354 00000460 C=ICODE    S=.itext   G=(none)   M=IOUtils  ACBP=A9
 0002:000007B4 00000008 C=ICODE    S=.itext   G=(none)   M=IniFiles ACBP=A9
 0002:000007BC 00000008 C=ICODE    S=.itext   G=(none)   M=Registry ACBP=A9
 0002:000007C4 000000FB C=ICODE    S=.itext   G=(none)   M=Graphics ACBP=A9
 0002:000008C0 00000086 C=ICODE    S=.itext   G=(none)   M=GraphUtil ACBP=A9
 0002:00000948 00000008 C=ICODE    S=.itext   G=(none)   M=Printers ACBP=A9
 0002:00000950 00000078 C=ICODE    S=.itext   G=(none)   M=Clipbrd  ACBP=A9
 0002:000009C8 00000054 C=ICODE    S=.itext   G=(none)   M=ExtCtrls ACBP=A9
 0002:00000A1C 00000039 C=ICODE    S=.itext   G=(none)   M=ComCtrls ACBP=A9
 0002:00000A58 0000003D C=ICODE    S=.itext   G=(none)   M=Dialogs  ACBP=A9
 0002:00000A98 0000000F C=ICODE    S=.itext   G=(none)   M=FlatSB   ACBP=A9
 0002:00000AA8 00000085 C=ICODE    S=.itext   G=(none)   M=Menus    ACBP=A9
 0002:00000B30 00000088 C=ICODE    S=.itext   G=(none)   M=Controls ACBP=A9
 0002:00000BB8 00000008 C=ICODE    S=.itext   G=(none)   M=Themes   ACBP=A9
 0002:00000BC0 0000002A C=ICODE    S=.itext   G=(none)   M=ActnList ACBP=A9
 0002:00000BEC 0000005C C=ICODE    S=.itext   G=(none)   M=Forms    ACBP=A9
 0002:00000C48 00000025 C=ICODE    S=.itext   G=(none)   M=Buttons  ACBP=A9
 0002:00000C70 00000008 C=ICODE    S=.itext   G=(none)   M=main     ACBP=A9
 0002:00000C78 0000000C C=ICODE    S=.itext   G=(none)   M=DirectOutput_explicit ACBP=A9
 0002:00000C84 00000088 C=ICODE    S=.itext   G=(none)   M=x52      ACBP=A9
 0003:00000000 000009E8 C=DATA     S=.data    G=DGROUP   M=System   ACBP=A9
 0003:000009E8 00000024 C=DATA     S=.data    G=DGROUP   M=SysInit  ACBP=A9
 0003:00000A0C 0000000C C=DATA     S=.data    G=DGROUP   M=Windows  ACBP=A9
 0003:00000A18 00000100 C=DATA     S=.data    G=DGROUP   M=Character ACBP=A9
 0003:00000B18 000002E0 C=DATA     S=.data    G=DGROUP   M=SysUtils ACBP=A9
 0003:00000DF8 00000008 C=DATA     S=.data    G=DGROUP   M=VarUtils ACBP=A9
 0003:00000E00 00000152 C=DATA     S=.data    G=DGROUP   M=Variants ACBP=A9
 0003:00000F54 0000000C C=DATA     S=.data    G=DGROUP   M=TypInfo  ACBP=A9
 0003:00000F60 00000134 C=DATA     S=.data    G=DGROUP   M=Classes  ACBP=A9
 0003:00001094 00000030 C=DATA     S=.data    G=DGROUP   M=IOUtils  ACBP=A9
 0003:000010C4 0000000C C=DATA     S=.data    G=DGROUP   M=IniFiles ACBP=A9
 0003:000010D0 00000024 C=DATA     S=.data    G=DGROUP   M=Registry ACBP=A9
 0003:000010F4 000003C8 C=DATA     S=.data    G=DGROUP   M=Graphics ACBP=A9
 0003:000014BC 00000450 C=DATA     S=.data    G=DGROUP   M=GraphUtil ACBP=A9
 0003:0000190C 00000020 C=DATA     S=.data    G=DGROUP   M=ShlObj   ACBP=A9
 0003:0000192C 000000E8 C=DATA     S=.data    G=DGROUP   M=StdCtrls ACBP=A9
 0003:00001A14 0000000C C=DATA     S=.data    G=DGROUP   M=Printers ACBP=A9
 0003:00001A20 00000010 C=DATA     S=.data    G=DGROUP   M=ComCtrls ACBP=A9
 0003:00001A30 0000019C C=DATA     S=.data    G=DGROUP   M=Dialogs  ACBP=A9
 0003:00001BCC 00000144 C=DATA     S=.data    G=DGROUP   M=Menus    ACBP=A9
 0003:00001D10 000001BC C=DATA     S=.data    G=DGROUP   M=Controls ACBP=A9
 0003:00001ECC 00000068 C=DATA     S=.data    G=DGROUP   M=Themes   ACBP=A9
 0003:00001F34 00000048 C=DATA     S=.data    G=DGROUP   M=ImgList  ACBP=A9
 0003:00001F7C 00000144 C=DATA     S=.data    G=DGROUP   M=Forms    ACBP=A9
 0003:000020C0 0000002C C=DATA     S=.data    G=DGROUP   M=Buttons  ACBP=A9
 0003:000020EC 00000014 C=DATA     S=.data    G=DGROUP   M=main     ACBP=A9
 0003:00002100 00000011 C=DATA     S=.data    G=DGROUP   M=DirectOutput_explicit ACBP=A9
 0004:00000000 00002C38 C=BSS      S=.bss     G=DGROUP   M=System   ACBP=A9
 0004:00002C38 0000000C C=BSS      S=.bss     G=DGROUP   M=SysInit  ACBP=A9
 0004:00002C44 00000008 C=BSS      S=.bss     G=DGROUP   M=Windows  ACBP=A9
 0004:00002C4C 0000001C C=BSS      S=.bss     G=DGROUP   M=Character ACBP=A9
 0004:00002C68 00002240 C=BSS      S=.bss     G=DGROUP   M=SysUtils ACBP=A9
 0004:00004EA8 0000005C C=BSS      S=.bss     G=DGROUP   M=VarUtils ACBP=A9
 0004:00004F04 00000040 C=BSS      S=.bss     G=DGROUP   M=Variants ACBP=A9
 0004:00004F44 00000004 C=BSS      S=.bss     G=DGROUP   M=TypInfo  ACBP=A9
 0004:00004F48 00000048 C=BSS      S=.bss     G=DGROUP   M=Classes  ACBP=A9
 0004:00004F90 00000014 C=BSS      S=.bss     G=DGROUP   M=TimeSpan ACBP=A9
 0004:00004FA4 00000018 C=BSS      S=.bss     G=DGROUP   M=SyncObjs ACBP=A9
 0004:00004FBC 000000CC C=BSS      S=.bss     G=DGROUP   M=UxTheme  ACBP=A9
 0004:00005088 00000008 C=BSS      S=.bss     G=DGROUP   M=HelpIntfs ACBP=A9
 0004:00005090 00000031 C=BSS      S=.bss     G=DGROUP   M=MultiMon ACBP=A9
 0004:000050C4 00000024 C=BSS      S=.bss     G=DGROUP   M=IOUtils  ACBP=A9
 0004:000050E8 00000004 C=BSS      S=.bss     G=DGROUP   M=IniFiles ACBP=A9
 0004:000050EC 00000004 C=BSS      S=.bss     G=DGROUP   M=Registry ACBP=A9
 0004:000050F0 00000064 C=BSS      S=.bss     G=DGROUP   M=Graphics ACBP=A9
 0004:00005154 00000010 C=BSS      S=.bss     G=DGROUP   M=GraphUtil ACBP=A9
 0004:00005164 00000004 C=BSS      S=.bss     G=DGROUP   M=Printers ACBP=A9
 0004:00005168 0000000C C=BSS      S=.bss     G=DGROUP   M=Clipbrd  ACBP=A9
 0004:00005174 00000008 C=BSS      S=.bss     G=DGROUP   M=ExtCtrls ACBP=A9
 0004:0000517C 00000010 C=BSS      S=.bss     G=DGROUP   M=ComCtrls ACBP=A9
 0004:0000518C 0000000C C=BSS      S=.bss     G=DGROUP   M=Dialogs  ACBP=A9
 0004:00005198 00000034 C=BSS      S=.bss     G=DGROUP   M=FlatSB   ACBP=A9
 0004:000051CC 00000010 C=BSS      S=.bss     G=DGROUP   M=Menus    ACBP=A9
 0004:000051DC 0000008C C=BSS      S=.bss     G=DGROUP   M=Controls ACBP=A9
 0004:00005268 0000000C C=BSS      S=.bss     G=DGROUP   M=Themes   ACBP=A9
 0004:00005274 00000008 C=BSS      S=.bss     G=DGROUP   M=ImgList  ACBP=A9
 0004:0000527C 00000004 C=BSS      S=.bss     G=DGROUP   M=ActnList ACBP=A9
 0004:00005280 00000028 C=BSS      S=.bss     G=DGROUP   M=Forms    ACBP=A9
 0004:000052A8 00000030 C=BSS      S=.bss     G=DGROUP   M=Buttons  ACBP=A9
 0004:000052D8 00000020 C=BSS      S=.bss     G=DGROUP   M=main     ACBP=A9
 0004:000052F8 0000003C C=BSS      S=.bss     G=DGROUP   M=DirectOutput_explicit ACBP=A9
 0005:00000000 00000008 C=TLS      S=.tls     G=(none)   M=System   ACBP=A9
 0005:00000008 0000000C C=TLS      S=.tls     G=(none)   M=Classes  ACBP=A9
 0005:00000014 00000004 C=TLS      S=.tls     G=(none)   M=SyncObjs ACBP=A9
 0005:00000018 00000024 C=TLS      S=.tls     G=(none)   M=GraphUtil ACBP=A9


  Address             Publics by Name

 0001:0000B9EC       ActiveX.CoCreateInstance
 0001:0000B9F4       ActiveX.CoTaskMemAlloc
 0001:0000B9FC       ActiveX.CoTaskMemFree
 0001:0000BA04       ActiveX.OleInitialize
 0001:0000BA0C       ActiveX.OleUninitialize
 0004:0000527C       ActnList..9
 0001:0009D760       ActnList..TActionLink
 0001:0009C880       ActnList..TActionListEnumerator
 0001:0009C578       ActnList..TContainedAction
 0001:0009D12C       ActnList..TCustomAction
 0001:0009CAF0       ActnList..TCustomActionList
 0001:0009CF04       ActnList..TShortCutList
 0002:00000BC0       ActnList.ActnList
 0001:0009E8D0       ActnList.Finalization
 0001:0009DF18       ActnList.TActionLink.IsCaptionLinked
 0001:0009DF2C       ActnList.TActionLink.IsCheckedLinked
 0001:0009DF40       ActnList.TActionLink.IsEnabledLinked
 0001:0009DF54       ActnList.TActionLink.IsGroupIndexLinked
 0001:0009DF68       ActnList.TActionLink.IsHelpContextLinked
 0001:0009DF7C       ActnList.TActionLink.IsHelpLinked
 0001:0009DF90       ActnList.TActionLink.IsHintLinked
 0001:0009DFA4       ActnList.TActionLink.IsImageIndexLinked
 0001:0009DFB8       ActnList.TActionLink.IsShortCutLinked
 0001:0009DFCC       ActnList.TActionLink.IsVisibleLinked
 0001:0009DFE0       ActnList.TActionLink.SetAutoCheck
 0001:0009DFE4       ActnList.TActionLink.SetCaption
 0001:0009DFE8       ActnList.TActionLink.SetChecked
 0001:0009DFEC       ActnList.TActionLink.SetEnabled
 0001:0009DFF0       ActnList.TActionLink.SetGroupIndex
 0001:0009DFF4       ActnList.TActionLink.SetHelpContext
 0001:0009DFF8       ActnList.TActionLink.SetHelpKeyword
 0001:0009DFFC       ActnList.TActionLink.SetHelpType
 0001:0009E000       ActnList.TActionLink.SetHint
 0001:0009E004       ActnList.TActionLink.SetImageIndex
 0001:0009E008       ActnList.TActionLink.SetShortCut
 0001:0009E00C       ActnList.TActionLink.SetVisible
 0001:0009DA7C       ActnList.TActionListEnumerator.Create
 0001:0009DAC0       ActnList.TActionListEnumerator.GetCurrent
 0001:0009DACC       ActnList.TActionListEnumerator.MoveNext
 0001:0009D868       ActnList.TContainedAction.Destroy
 0001:0009D9D4       ActnList.TContainedAction.Execute
 0001:0009D89C       ActnList.TContainedAction.GetIndex
 0001:0009D8B8       ActnList.TContainedAction.GetParentComponent
 0001:0009D8C8       ActnList.TContainedAction.HasParent
 0001:0009D8B4       ActnList.TContainedAction.IsCategoryStored
 0001:0009D8D8       ActnList.TContainedAction.ReadState
 0001:0009D980       ActnList.TContainedAction.SetActionList
 0001:0009D954       ActnList.TContainedAction.SetCategory
 0001:0009D90C       ActnList.TContainedAction.SetIndex
 0001:0009D9A8       ActnList.TContainedAction.SetParentComponent
 0001:0009DA2C       ActnList.TContainedAction.Update
 0001:0009E0BC       ActnList.TCustomAction.AssignTo
 0001:0009E010       ActnList.TCustomAction.Create
 0001:0009E064       ActnList.TCustomAction.Destroy
 0001:0009E748       ActnList.TCustomAction.DoHint
 0001:0009E770       ActnList.TCustomAction.Execute
 0001:0009E7D4       ActnList.TCustomAction.GetSecondaryShortCuts
 0001:0009E854       ActnList.TCustomAction.HandleShortCut
 0001:0009E830       ActnList.TCustomAction.IsSecondaryShortCutsStored
 0001:0009E1C8       ActnList.TCustomAction.SetAutoCheck
 0001:0009E228       ActnList.TCustomAction.SetCaption
 0001:0009E288       ActnList.TCustomAction.SetChecked
 0001:0009E390       ActnList.TCustomAction.SetEnabled
 0001:0009E40C       ActnList.TCustomAction.SetGroupIndex
 0001:0009E524       ActnList.TCustomAction.SetHelpContext
 0001:0009E4BC       ActnList.TCustomAction.SetHelpKeyword
 0001:0009E464       ActnList.TCustomAction.SetHelpType
 0001:0009E57C       ActnList.TCustomAction.SetHint
 0001:0009E5DC       ActnList.TCustomAction.SetImageIndex
 0001:0009E6FC       ActnList.TCustomAction.SetName
 0001:0009E7FC       ActnList.TCustomAction.SetSecondaryShortCuts
 0001:0009E638       ActnList.TCustomAction.SetShortCut
 0001:0009E69C       ActnList.TCustomAction.SetVisible
 0001:0009DCE0       ActnList.TCustomActionList.AddAction
 0001:0009DD28       ActnList.TCustomActionList.Change
 0001:0009DAE8       ActnList.TCustomActionList.Create
 0001:0009DB54       ActnList.TCustomActionList.Destroy
 0001:0009DE34       ActnList.TCustomActionList.ExecuteAction
 0001:0009DC24       ActnList.TCustomActionList.GetAction
 0001:0009DC38       ActnList.TCustomActionList.GetActionCount
 0001:0009DBAC       ActnList.TCustomActionList.GetChildren
 0001:0009DC40       ActnList.TCustomActionList.GetEnumerator
 0001:0009DC84       ActnList.TCustomActionList.ImageListChange
 0001:0009DD90       ActnList.TCustomActionList.IsShortCut
 0001:0009DC90       ActnList.TCustomActionList.Notification
 0001:0009DD00       ActnList.TCustomActionList.RemoveAction
 0001:0009DBF4       ActnList.TCustomActionList.SetChildOrder
 0001:0009DC50       ActnList.TCustomActionList.SetImages
 0001:0009DE74       ActnList.TCustomActionList.SetState
 0001:0009DE54       ActnList.TCustomActionList.UpdateAction
 0001:0009E860       ActnList.TShortCutList.Add
 0001:0009E88C       ActnList.TShortCutList.IndexOfShortCut
 0004:000052A8       Buttons..5
 0003:000020C0       Buttons.BitBtnCaptions
 0004:000052AC       Buttons.BitBtnGlyphs
 0002:00000C48       Buttons.Buttons
 0001:000B4074       Buttons.DestroyLocals
 0001:000B410C       Buttons.Finalization
 0004:00002C58       Character.CategoryTable
 0004:00002C50       Character.CatIndexPrimary
 0004:00002C54       Character.CatIndexSecondary
 0004:00002C4C       Character.DataTable
 0003:00000A18       Character.Latin1Categories
 0004:00002C64       Character.NumericValueTable
 0004:00002C5C       Character.NumIndexPrimary
 0004:00002C60       Character.NumIndexSecondary
 0001:0000C05C       Character.TCharacter.CheckLetter
 0001:0000C068       Character.TCharacter.CheckLetterOrDigit
 0001:0000C184       Character.TCharacter.GetUnicodeCategory
 0001:0000C1E4       Character.TCharacter.Initialize
 0001:0000C178       Character.TCharacter.IsAscii
 0001:0000C078       Character.TCharacter.IsLatin1
 0001:0000C084       Character.TCharacter.IsLetter
 0001:0000C110       Character.TCharacter.IsLetterOrDigit
 0004:00004F58       Classes..66
 0001:0002458C       Classes..EBitsError
 0001:00024324       Classes..EClassNotFound
 0001:000246C4       Classes..EComponentError
 0001:0002402C       Classes..EFCreateError
 0001:00024160       Classes..EFilerError
 0001:00023F30       Classes..EFileStreamError
 0001:000240C8       Classes..EFOpenError
 0001:000243C0       Classes..EInvalidImage
 0001:00024804       Classes..EInvalidOperation
 0001:000244F8       Classes..EListError
 0001:00024764       Classes..EOutOfResources
 0001:000241F8       Classes..EReadError
 0001:0002445C       Classes..EResNotFound
 0001:00023E94       Classes..EStreamError
 0001:00024620       Classes..EStringListError
 0001:0002B6E8       Classes..EThread
 0001:0002428C       Classes..EWriteError
 0001:0002D090       Classes..TBasicAction
 0001:0002CE74       Classes..TBasicActionLink
 0001:000255AC       Classes..TBits
 0001:00028FE8       Classes..TClassFinder
 0001:00025E30       Classes..TCollection
 0001:00025C8C       Classes..TCollectionEnumerator
 0001:00025A20       Classes..TCollectionItem
 0001:0002C52C       Classes..TComponent
 0001:0003BC78       Classes..TComponent.FindComponent$ActRec
 0001:0002C0D4       Classes..TComponentEnumerator
 0001:0002822C       Classes..TCustomMemoryStream
 0001:000293BC       Classes..TFiler
 0001:00028048       Classes..TFileStream
 0001:00027E30       Classes..THandleStream
 0001:0002EF40       Classes..TIntConst
 0001:000258AC       Classes..TInterfacedPersistent
 0001:00024BE0       Classes..TList
 0001:0002FE6C       Classes..TList.Sort$ActRec
 0001:00024A0C       Classes..TListEnumerator
 0001:00028474       Classes..TMemoryStream
 0001:000256E4       Classes..TPersistent
 0001:00034174       Classes..TPropFixup
 0001:000343A0       Classes..TPropIntfFixup
 0001:00029DD4       Classes..TReader
 0001:0002D624       Classes..TRegGroup
 0001:0002DA84       Classes..TRegGroups
 0001:000286BC       Classes..TResourceStream
 0001:00027824       Classes..TStream
 0001:00028A3C       Classes..TStreamAdapter
 0001:000271A8       Classes..TStringList
 0001:00026530       Classes..TStrings
 0001:00026388       Classes..TStringsEnumerator
 0001:0002B8DC       Classes..TThread
 0001:000252F4       Classes..TThreadList
 0001:0002ACDC       Classes..TWriter
 0001:0002EECC       Classes.ActivateClassGroup
 0003:00000F60       Classes.AddDataModule
 0001:000346CC       Classes.AddFinished
 0001:00034704       Classes.AddNotFinished
 0001:00035370       Classes.AddSubComponentsToLoaded
 0001:0003CDE4       Classes.AllocateHWnd
 0001:0003890C       Classes.AncestorIsValid
 0003:00000F70       Classes.ApplicationHandleException
 0003:00000F78       Classes.ApplicationShowException
 0001:0002F3AC       Classes.BeginGlobalLoading
 0001:0003A358       Classes.BinToHex
 0003:00001068       Classes.BlockCode
 0001:0002D5E8       Classes.Bounds
 0001:0003CC44       Classes.CalcJmpOffset
 0001:000353AC       Classes.CheckSubComponents
 0001:0003A530       Classes.CheckSynchronize
 0002:0000024C       Classes.Classes
 0001:0002EC10       Classes.ClassNotFound
 0001:0003CCF8       Classes.CleanupInstFreeList
 0001:0002F64C       Classes.CollectionsEqual
 0001:0003548C       Classes.ComponentCreated
 0003:00000FB8       Classes.Convert
 0003:00000FD8       Classes.Convert
 0001:000373AC       Classes.CopyBinary
 0001:0003731C       Classes.CopyBytes
 0001:000372D0       Classes.CopyList
 0001:00037248       Classes.CopySetBody
 0001:0003550C       Classes.CreateComponent
 0003:00000F80       Classes.CreateVCLComObjectProc
 0001:0003CE98       Classes.DeallocateHWnd
 0001:0003A458       Classes.DoneThreadSynchronization
 0001:000314B0       Classes.DoWrite
 0003:00000F90       Classes.Dummy32bitResHeader
 0001:0003CEC0       Classes.EFileStreamError.Create
 0001:0002F434       Classes.EndGlobalLoading
 0001:0002E6B4       Classes.Error
 0001:00033FAC       Classes.Error
 0004:00004F84       Classes.ExternalThreads
 0003:00000F8C       Classes.FilerSignature
 0001:0003CF70       Classes.Finalization
 0001:00037FFC       Classes.FindAncestor
 0001:0002ECE8       Classes.FindClass
 0001:000356BC       Classes.FindExistingComponent
 0001:0002F2C4       Classes.FindGlobalComponent
 0004:00004F64       Classes.FindGlobalComponentProcs
 0001:0002F168       Classes.FindIdentToInt
 0001:0002F0EC       Classes.FindIntToIdent
 0001:00038D80       Classes.FindMethodName
 0001:000345D4       Classes.FindNestedComponent
 0001:00036738       Classes.FindUniqueName
 0001:0003A470       Classes.FreeExternalThreads
 0001:0003CBA4       Classes.FreeIntConstList
 0001:0003CCE4       Classes.FreeObjectInstance
 0001:0002EC7C       Classes.GetClass
 0001:00039474       Classes.GetComponentValue
 0001:0003090C       Classes.GetDesigner
 0001:0002EC04       Classes.GetFieldClassTable
 0001:0003CD34       Classes.GetFreeInstBlockItemCount
 0004:00004F68       Classes.GlobalFixupList
 0001:0003474C       Classes.GlobalFixupReferences
 0005:00000010       Classes.GlobalLists
 0005:0000000C       Classes.GlobalLoaded
 0004:00004F4C       Classes.GlobalNameSpace
 0001:0002EE60       Classes.GroupDescendentsWith
 0001:00035ECC       Classes.HandleException
 0001:0003A398       Classes.HexToBin
 0001:0002F1E4       Classes.IdentToInt
 0001:0002F490       Classes.InitComponent
 0001:0002F51C       Classes.InitInheritedComponent
 0001:0003A424       Classes.InitThreadSynchronization
 0004:00004F88       Classes.InstBlockList
 0004:00004F8C       Classes.InstFreeList
 0004:00004F5C       Classes.IntConstList
 0001:0002F328       Classes.InternalReadComponentRes
 0001:0002F228       Classes.IntToIdent
 0001:0002D610       Classes.InvalidPoint
 0001:00038B00       Classes.IsDefault
 0001:0003897C       Classes.IsDefaultFloatProp
 0001:000389D8       Classes.IsDefaultInt64Prop
 0001:00038CA4       Classes.IsDefaultInterfaceProp
 0001:00038DD8       Classes.IsDefaultMethodProp
 0001:00038B58       Classes.IsDefaultObjectProp
 0001:00038924       Classes.IsDefaultOrdProp
 0001:00038F10       Classes.IsDefaultPropertyValue
 0001:00038A30       Classes.IsDefaultStrProp
 0001:00038BD8       Classes.IsDefaultValue
 0001:00038E78       Classes.IsDefaultVariantProp
 0001:0002F304       Classes.IsUniqueGlobalComponentName
 0004:00004F50       Classes.IsUniqueGlobalComponentNameProc
 0001:0003CC4C       Classes.MakeObjectInstance
 0001:0003055C       Classes.Min
 0001:0003CC1C       Classes.ModuleUnload
 0003:00000FB0       Classes.NilMethod
 0001:000309B0       Classes.NotifyDesigner
 0001:0002F404       Classes.NotifyGlobalLoading
 0001:00038AC0       Classes.ObjectAncestorMatch
 0001:0003945C       Classes.OwnedBy
 0001:0002D5A0       Classes.Point
 0003:0000104C       Classes.Priorities
 0001:00034A8C       Classes.PropertyNotFound
 0001:00035F9C       Classes.PropPathError
 0001:00034A80       Classes.PropValueError
 0001:0002FD34       Classes.QuickSort
 0001:00033164       Classes.RaiseException
 0001:00037894       Classes.ReadCustomVariant
 0001:00034A68       Classes.ReadError
 0001:000354AC       Classes.Recover
 0001:0002D5C0       Classes.Rect
 0004:00004F60       Classes.RegGroups
 0001:0002ED08       Classes.RegisterClass
 0001:0002F26C       Classes.RegisterFindGlobalComponentProc
 0001:0002F0C0       Classes.RegisterIntegerConsts
 0001:0003CD64       Classes.ReleaseObjectInstanceBlocks
 0003:00000F68       Classes.RemoveDataModule
 0001:00034920       Classes.RemoveFixupReferences
 0001:000349D4       Classes.RemoveFixups
 0001:00034DD0       Classes.RemoveGlobalFixup
 0001:0003A4FC       Classes.ResetSyncEvent
 0001:0003161C       Classes.ReturnAddr
 0001:0002F8B0       Classes.ReturnAddr
 0001:0003561C       Classes.SetCompName
 0001:00034AB8       Classes.SetElementValue
 0001:00036314       Classes.SetInterfaceReference
 0001:00036230       Classes.SetIntIdent
 0001:00036278       Classes.SetObjectIdent
 0001:00035424       Classes.SetSubComponentState
 0001:000362B8       Classes.SetVariantReference
 0001:0003A524       Classes.SignalSyncEvent
 0001:00037004       Classes.SkipBinary
 0001:00037034       Classes.SkipCollection
 0001:00036FD8       Classes.SkipList
 0001:0002EDF8       Classes.StartClassGroup
 0001:0003CC24       Classes.StdWndProc
 0001:00032F50       Classes.StringListCompareStrings
 0004:00004F54       Classes.SyncEvent
 0003:00001048       Classes.SyncList
 0001:0003C610       Classes.TBasicAction.Change
 0001:0003C49C       Classes.TBasicAction.Create
 0001:0003C4E0       Classes.TBasicAction.Destroy
 0001:0003C57C       Classes.TBasicAction.Execute
 0001:0003C54C       Classes.TBasicAction.ExecuteTarget
 0001:0003C548       Classes.TBasicAction.HandlesTarget
 0001:0003C550       Classes.TBasicAction.Notification
 0001:0003C624       Classes.TBasicAction.RegisterChanges
 0001:0003C670       Classes.TBasicAction.SetActionComponent
 0001:0003C5B4       Classes.TBasicAction.SetOnExecute
 0001:0003C630       Classes.TBasicAction.UnRegisterChanges
 0001:0003C598       Classes.TBasicAction.Update
 0001:0003C578       Classes.TBasicAction.UpdateTarget
 0001:0003C3EC       Classes.TBasicActionLink.AssignClient
 0001:0003C424       Classes.TBasicActionLink.Change
 0001:0003C3A8       Classes.TBasicActionLink.Create
 0001:0003C3F0       Classes.TBasicActionLink.Destroy
 0001:0003C43C       Classes.TBasicActionLink.Execute
 0001:0003C484       Classes.TBasicActionLink.IsOnExecuteLinked
 0001:0003C458       Classes.TBasicActionLink.SetAction
 0001:0003C488       Classes.TBasicActionLink.SetOnExecute
 0001:0003C490       Classes.TBasicActionLink.Update
 0001:00030514       Classes.TBits.Destroy
 0001:00030544       Classes.TBits.Error
 0001:00030638       Classes.TBits.OpenBit
 0001:0003060C       Classes.TBits.SetBit
 0001:00030568       Classes.TBits.SetSize
 0001:0002E970       Classes.TClassFinder.Create
 0001:0002EAB0       Classes.TClassFinder.Destroy
 0001:0002EAE0       Classes.TClassFinder.GetClass
 0001:0002EB7C       Classes.TClassFinder.GetClasses
 0001:00030CE0       Classes.TCollection.Add
 0001:000311FC       Classes.TCollection.Added
 0001:00030D00       Classes.TCollection.Assign
 0001:00030DA8       Classes.TCollection.BeginUpdate
 0001:00030DAC       Classes.TCollection.Changed
 0001:00030DBC       Classes.TCollection.Clear
 0001:00030C48       Classes.TCollection.Create
 0001:000311C0       Classes.TCollection.Delete
 0001:00031200       Classes.TCollection.Deleting
 0001:00030C94       Classes.TCollection.Destroy
 0001:00030E24       Classes.TCollection.EndUpdate
 0001:00030E30       Classes.TCollection.FindItemID
 0001:00030E64       Classes.TCollection.GetAttr
 0001:00030E60       Classes.TCollection.GetAttrCount
 0001:00030E84       Classes.TCollection.GetCapacity
 0001:00030EAC       Classes.TCollection.GetCount
 0001:00030E74       Classes.TCollection.GetEnumerator
 0001:00030EB4       Classes.TCollection.GetItem
 0001:00030E8C       Classes.TCollection.GetItemAttr
 0001:00030EC8       Classes.TCollection.GetNamePath
 0001:00030F7C       Classes.TCollection.GetPropName
 0001:000310D0       Classes.TCollection.Insert
 0001:000310EC       Classes.TCollection.InsertItem
 0001:00031204       Classes.TCollection.Notify
 0001:000311F0       Classes.TCollection.Owner
 0001:00031154       Classes.TCollection.RemoveItem
 0001:000311A8       Classes.TCollection.SetCapacity
 0001:000311B8       Classes.TCollection.SetItemName
 0001:000311BC       Classes.TCollection.Update
 0001:00030BDC       Classes.TCollectionEnumerator.Create
 0001:00030C20       Classes.TCollectionEnumerator.GetCurrent
 0001:00030C2C       Classes.TCollectionEnumerator.MoveNext
 0001:00030A7C       Classes.TCollectionItem.Changed
 0001:00030A14       Classes.TCollectionItem.Create
 0001:00030A4C       Classes.TCollectionItem.Destroy
 0001:00030AB8       Classes.TCollectionItem.GetDisplayName
 0001:00030AA0       Classes.TCollectionItem.GetIndex
 0001:00030ACC       Classes.TCollectionItem.GetNamePath
 0001:00030B78       Classes.TCollectionItem.GetOwner
 0001:00030B7C       Classes.TCollectionItem.SetCollection
 0001:00030BA4       Classes.TCollectionItem.SetDisplayName
 0001:00030BAC       Classes.TCollectionItem.SetIndex
 0001:0003BEA0       Classes.TComponent.AddSortedComponent
 0001:0003B6BC       Classes.TComponent.BeforeDestruction
 0001:0003BF54       Classes.TComponent.ChangeName
 0001:0003B628       Classes.TComponent.Create
 0001:0003BA68       Classes.TComponent.DefineProperties
 0001:0003B674       Classes.TComponent.Destroy
 0001:0003B8EC       Classes.TComponent.DestroyComponents
 0001:0003B958       Classes.TComponent.Destroying
 0001:0003C0B0       Classes.TComponent.ExecuteAction
 0001:0003BD3C       Classes.TComponent.FindComponent
 0001:0003BD30       Classes.TComponent.FindComponent$ActRec.$0$Body
 0001:0003BE28       Classes.TComponent.FindSortedComponent
 0001:0003B708       Classes.TComponent.FreeNotification
 0001:0003C1E4       Classes.TComponent.FreeOnRelease
 0001:0003BB0C       Classes.TComponent.GetChildOwner
 0001:0003BB10       Classes.TComponent.GetChildParent
 0001:0003BB04       Classes.TComponent.GetChildren
 0001:0003C114       Classes.TComponent.GetComObject
 0001:0003BFA8       Classes.TComponent.GetComponent
 0001:0003BFD4       Classes.TComponent.GetComponentCount
 0001:0003BF8C       Classes.TComponent.GetComponentIndex
 0001:0003BB14       Classes.TComponent.GetEnumerator
 0001:0003BB24       Classes.TComponent.GetNamePath
 0001:0003BB38       Classes.TComponent.GetOwner
 0001:0003BB40       Classes.TComponent.GetParentComponent
 0001:0003BB00       Classes.TComponent.HasParent
 0001:0003B79C       Classes.TComponent.Insert
 0001:0003B850       Classes.TComponent.InsertComponent
 0001:0003C27C       Classes.TComponent.IntfGetComponent
 0001:0003C280       Classes.TComponent.IsImplementorOf
 0001:0003BB60       Classes.TComponent.Loaded
 0001:0003BA08       Classes.TComponent.Notification
 0001:0003BB6C       Classes.TComponent.PaletteCreated
 0001:0003C1FC       Classes.TComponent.QueryInterface
 0001:0003B75C       Classes.TComponent.ReadLeft
 0001:0003BB70       Classes.TComponent.ReadState
 0001:0003B770       Classes.TComponent.ReadTop
 0001:0003C300       Classes.TComponent.ReferenceInterface
 0001:0003B7D8       Classes.TComponent.Remove
 0001:0003B8B4       Classes.TComponent.RemoveComponent
 0001:0003B9EC       Classes.TComponent.RemoveFreeNotification
 0001:0003B6C8       Classes.TComponent.RemoveFreeNotifications
 0001:0003B994       Classes.TComponent.RemoveNotification
 0001:0003C1CC       Classes.TComponent.SafeCallException
 0001:0003BB3C       Classes.TComponent.SetChildOrder
 0001:0003BFE4       Classes.TComponent.SetComponentIndex
 0001:0003C038       Classes.TComponent.SetDesigning
 0001:0003BEC4       Classes.TComponent.SetName
 0001:0003BB44       Classes.TComponent.SetParentComponent
 0001:0003C088       Classes.TComponent.SetReference
 0001:0003C100       Classes.TComponent.SetSubComponent
 0001:0003C0D8       Classes.TComponent.UpdateAction
 0001:0003BB54       Classes.TComponent.Updated
 0001:0003C1F4       Classes.TComponent.UpdateRegistry
 0001:0003BB48       Classes.TComponent.Updating
 0001:0003BC08       Classes.TComponent.ValidateContainer
 0001:0003BC1C       Classes.TComponent.ValidateInsert
 0001:0003BB80       Classes.TComponent.ValidateRename
 0001:0003B784       Classes.TComponent.WriteLeft
 0001:0003BB78       Classes.TComponent.WriteState
 0001:0003B790       Classes.TComponent.WriteTop
 0001:0003C23C       Classes.TComponent._AddRef
 0001:0003C25C       Classes.TComponent._Release
 0001:0003B5BC       Classes.TComponentEnumerator.Create
 0001:0003B600       Classes.TComponentEnumerator.GetCurrent
 0001:0003B60C       Classes.TComponentEnumerator.MoveNext
 0001:00033C40       Classes.TCustomMemoryStream.Read
 0001:00033CB4       Classes.TCustomMemoryStream.SaveToFile
 0001:00033C9C       Classes.TCustomMemoryStream.SaveToStream
 0001:00033C78       Classes.TCustomMemoryStream.Seek
 0001:00033C38       Classes.TCustomMemoryStream.SetPointer
 0001:00034100       Classes.TFiler.Create
 0001:00029774       Classes.TFiler.DefineBinaryProperty
 0001:0002976C       Classes.TFiler.DefineProperty
 0001:00034148       Classes.TFiler.Destroy
 0001:0002977C       Classes.TFiler.FlushBuffer
 0001:00034170       Classes.TFiler.SetRoot
 0001:00033A90       Classes.TFileStream.Create
 0001:00033A4C       Classes.TFileStream.Create
 0001:00033C04       Classes.TFileStream.Destroy
 0001:00033988       Classes.THandleStream.Create
 0001:000339C4       Classes.THandleStream.Read
 0001:000339E4       Classes.THandleStream.Seek
 0001:00033A24       Classes.THandleStream.SetSize
 0001:00033A10       Classes.THandleStream.SetSize
 0001:000339D4       Classes.THandleStream.Write
 0004:00004F6C       Classes.ThreadLock
 0001:0003A724       Classes.ThreadProc
 0001:0002F088       Classes.TIntConst.Create
 0001:00030854       Classes.TInterfacedPersistent.AfterConstruction
 0001:000308E4       Classes.TInterfacedPersistent.QueryInterface
 0001:000308A4       Classes.TInterfacedPersistent._AddRef
 0001:000308C4       Classes.TInterfacedPersistent._Release
 0001:0002F7F0       Classes.TList.Add
 0001:0003002C       Classes.TList.Assign
 0001:0002F830       Classes.TList.Clear
 0001:0002F848       Classes.TList.Delete
 0001:0002F7D0       Classes.TList.Destroy
 0001:0002F8EC       Classes.TList.Error
 0001:0002F8B4       Classes.TList.Error
 0001:0002F940       Classes.TList.Exchange
 0001:0002F990       Classes.TList.Expand
 0001:0002FFD0       Classes.TList.Extract
 0001:0002FFD8       Classes.TList.ExtractItem
 0001:0002F9A8       Classes.TList.First
 0001:0002F9B0       Classes.TList.Get
 0001:0002F9D4       Classes.TList.GetEnumerator
 0001:0002F9E4       Classes.TList.Grow
 0001:0002FA18       Classes.TList.IndexOf
 0001:0002FA3C       Classes.TList.IndexOfItem
 0001:0002FA68       Classes.TList.Insert
 0001:0002FAE0       Classes.TList.Last
 0001:0002FB04       Classes.TList.Move
 0001:00030028       Classes.TList.Notify
 0001:0002FBE0       Classes.TList.Pack
 0001:0002FB5C       Classes.TList.Put
 0001:0002FBB8       Classes.TList.Remove
 0001:0002FBC0       Classes.TList.RemoveItem
 0001:0002FC54       Classes.TList.SetCapacity
 0001:0002FC90       Classes.TList.SetCount
 0001:0002FF30       Classes.TList.Sort
 0001:0002FF24       Classes.TList.Sort$ActRec.$0$Body
 0001:0002FFB0       Classes.TList.SortList
 0001:0002F768       Classes.TListEnumerator.Create
 0001:0002F7AC       Classes.TListEnumerator.GetCurrent
 0001:0002F7B8       Classes.TListEnumerator.MoveNext
 0001:00033D38       Classes.TMemoryStream.Clear
 0001:00033D0C       Classes.TMemoryStream.Destroy
 0001:00033D88       Classes.TMemoryStream.LoadFromFile
 0001:00033D50       Classes.TMemoryStream.LoadFromStream
 0001:00033E30       Classes.TMemoryStream.Realloc
 0001:00033DDC       Classes.TMemoryStream.SetCapacity
 0001:00033E04       Classes.TMemoryStream.SetSize
 0001:00033EB0       Classes.TMemoryStream.Write
 0001:000306DC       Classes.TPersistent.Assign
 0001:000306F0       Classes.TPersistent.AssignError
 0001:000307AC       Classes.TPersistent.AssignTo
 0001:000307B4       Classes.TPersistent.DefineProperties
 0001:000306B0       Classes.TPersistent.Destroy
 0001:000307B8       Classes.TPersistent.GetNamePath
 0001:00030850       Classes.TPersistent.GetOwner
 0001:00034488       Classes.TPropFixup.Create
 0001:000344E0       Classes.TPropFixup.MakeGlobalReference
 0001:00034540       Classes.TPropFixup.ResolveReference
 0001:00034550       Classes.TPropIntfFixup.ResolveReference
 0001:00034B0C       Classes.TReader.BeginReferences
 0001:00034B74       Classes.TReader.CheckValue
 0001:00037404       Classes.TReader.CopyValue
 0001:00034BD4       Classes.TReader.DefineBinaryProperty
 0001:00034B98       Classes.TReader.DefineProperty
 0001:00034AD0       Classes.TReader.Destroy
 0001:00034E58       Classes.TReader.DoFixupReferences
 0001:00034CBC       Classes.TReader.EndOfList
 0001:00034CD0       Classes.TReader.EndReferences
 0001:00034CEC       Classes.TReader.Error
 0001:000376E0       Classes.TReader.FindAncestorComponent
 0001:000377D8       Classes.TReader.FindComponentClass
 0001:00034D80       Classes.TReader.FindMethod
 0001:00034D10       Classes.TReader.FindMethodInstance
 0001:00034F9C       Classes.TReader.FixupReferences
 0001:00034FD4       Classes.TReader.FlushBuffer
 0001:00034FF8       Classes.TReader.FreeFixups
 0001:00035034       Classes.TReader.GetFieldClass
 0001:000350C8       Classes.TReader.GetPosition
 0001:000350E0       Classes.TReader.NextValue
 0001:000350F0       Classes.TReader.PropertyError
 0001:00035104       Classes.TReader.Read
 0001:0003518C       Classes.TReader.ReadBoolean
 0001:00035150       Classes.TReader.ReadBuffer
 0001:000351A0       Classes.TReader.ReadChar
 0001:00035294       Classes.TReader.ReadCollection
 0001:00035760       Classes.TReader.ReadComponent
 0001:00036AD4       Classes.TReader.ReadComponents
 0001:00035BA0       Classes.TReader.ReadCurrency
 0001:000359A0       Classes.TReader.ReadData
 0001:00035A10       Classes.TReader.ReadDataInner
 0001:00035BF0       Classes.TReader.ReadDate
 0001:00035B18       Classes.TReader.ReadDouble
 0001:00035AE0       Classes.TReader.ReadFloat
 0001:00035C34       Classes.TReader.ReadIdent
 0001:00035E38       Classes.TReader.ReadInt64
 0001:00035DCC       Classes.TReader.ReadInteger
 0001:00035E7C       Classes.TReader.ReadListBegin
 0001:00035E84       Classes.TReader.ReadListEnd
 0001:00035E8C       Classes.TReader.ReadPrefix
 0001:00035FB8       Classes.TReader.ReadProperty
 0001:000363D4       Classes.TReader.ReadPropValue
 0001:000367A0       Classes.TReader.ReadRootComponent
 0001:00036BC4       Classes.TReader.ReadSet
 0001:00036C80       Classes.TReader.ReadSignature
 0001:00035B5C       Classes.TReader.ReadSingle
 0001:00036CA4       Classes.TReader.ReadStr
 0001:00036D34       Classes.TReader.ReadString
 0001:00036F5C       Classes.TReader.ReadValue
 0001:00037A5C       Classes.TReader.ReadVariant
 0001:00035234       Classes.TReader.ReadWideChar
 0001:00036E1C       Classes.TReader.ReadWideString
 0001:00037798       Classes.TReader.ReferenceName
 0001:000377B0       Classes.TReader.SetName
 0001:00036F70       Classes.TReader.SetPosition
 0001:0003784C       Classes.TReader.SkipBytes
 0001:00037634       Classes.TReader.SkipComponent
 0001:000375EC       Classes.TReader.SkipProperty
 0001:00036F90       Classes.TReader.SkipSetBody
 0001:00037098       Classes.TReader.SkipValue
 0001:0002DF60       Classes.TRegGroup.AddClass
 0001:0002DF6C       Classes.TRegGroup.BestClass
 0001:0002DFCC       Classes.TRegGroup.BestGroup
 0001:0002E03C       Classes.TRegGroup.Create
 0001:0002E098       Classes.TRegGroup.Destroy
 0001:0002E0D8       Classes.TRegGroup.GetClass
 0001:0002E128       Classes.TRegGroup.GetClasses
 0001:0002E170       Classes.TRegGroup.IndexOfClass
 0001:0002E1E8       Classes.TRegGroup.InGroup
 0001:0002E22C       Classes.TRegGroup.RegisterClass
 0001:0002E2DC       Classes.TRegGroup.RegisterClassAlias
 0001:0002E314       Classes.TRegGroup.Registered
 0001:0002E32C       Classes.TRegGroup.UnregisterClass
 0001:0002E38C       Classes.TRegGroup.UnregisterModuleClasses
 0001:0002E4CC       Classes.TRegGroups.Activate
 0001:0002E518       Classes.TRegGroups.AddClass
 0001:0002E538       Classes.TRegGroups.Create
 0001:0002E5AC       Classes.TRegGroups.Destroy
 0001:0002E60C       Classes.TRegGroups.FindGroup
 0001:0002E650       Classes.TRegGroups.GetClass
 0001:0002E694       Classes.TRegGroups.GroupedWith
 0001:0002E738       Classes.TRegGroups.GroupWith
 0001:0002E80C       Classes.TRegGroups.Lock
 0001:0002E818       Classes.TRegGroups.RegisterClass
 0001:0002E830       Classes.TRegGroups.RegisterClassAlias
 0001:0002E850       Classes.TRegGroups.Registered
 0001:0002E894       Classes.TRegGroups.StartGroup
 0001:0002E8E4       Classes.TRegGroups.Unlock
 0001:0002E8F0       Classes.TRegGroups.UnregisterClass
 0001:0002E920       Classes.TRegGroups.UnregisterModuleClasses
 0001:00033F00       Classes.TResourceStream.Create
 0001:00033F58       Classes.TResourceStream.CreateFromID
 0001:000340B8       Classes.TResourceStream.Destroy
 0001:0003404C       Classes.TResourceStream.Initialize
 0001:000340E8       Classes.TResourceStream.Write
 0001:0003333C       Classes.TStream.CopyFrom
 0001:000337A4       Classes.TStream.FixupResourceHeader
 0001:00033078       Classes.TStream.GetPosition
 0001:000330AC       Classes.TStream.GetSize
 0001:00027E20       Classes.TStream.Read
 0001:000332CC       Classes.TStream.ReadBuffer
 0001:00033430       Classes.TStream.ReadComponent
 0001:000334F4       Classes.TStream.ReadComponentRes
 0001:0003389C       Classes.TStream.ReadResHeader
 0001:000331D8       Classes.TStream.Seek
 0001:0003325C       Classes.TStream.Seek
 0001:00033098       Classes.TStream.SetPosition
 0001:00033110       Classes.TStream.SetSize
 0001:000330F8       Classes.TStream.SetSize
 0001:000330FC       Classes.TStream.SetSize64
 0001:00027E28       Classes.TStream.Write
 0001:00033304       Classes.TStream.WriteBuffer
 0001:00033490       Classes.TStream.WriteComponent
 0001:00033510       Classes.TStream.WriteComponentRes
 0001:00033498       Classes.TStream.WriteDescendent
 0001:00033868       Classes.TStream.WriteDescendentRes
 0001:00033518       Classes.TStream.WriteResourceHeader
 0001:0003CB8C       Classes.TStreamAdapter.Clone
 0001:0003CAE0       Classes.TStreamAdapter.Commit
 0001:0003C8D8       Classes.TStreamAdapter.CopyTo
 0001:0003C69C       Classes.TStreamAdapter.Create
 0001:0003C6E8       Classes.TStreamAdapter.Destroy
 0001:0003CAF8       Classes.TStreamAdapter.LockRegion
 0001:0003C720       Classes.TStreamAdapter.Read
 0001:0003CAEC       Classes.TStreamAdapter.Revert
 0001:0003C7F0       Classes.TStreamAdapter.Seek
 0001:0003C874       Classes.TStreamAdapter.SetSize
 0001:0003CB10       Classes.TStreamAdapter.Stat
 0001:0003CB04       Classes.TStreamAdapter.UnlockRegion
 0001:0003C788       Classes.TStreamAdapter.Write
 0001:00032960       Classes.TStringList.Add
 0001:00032970       Classes.TStringList.AddObject
 0001:000329D4       Classes.TStringList.Changed
 0001:000329F0       Classes.TStringList.Changing
 0001:00032A0C       Classes.TStringList.Clear
 0001:00032FB8       Classes.TStringList.CompareStrings
 0001:0003300C       Classes.TStringList.Create
 0001:00032FD4       Classes.TStringList.Create
 0001:00032F80       Classes.TStringList.CustomSort
 0001:00032A74       Classes.TStringList.Delete
 0001:000328DC       Classes.TStringList.Destroy
 0001:00032AF4       Classes.TStringList.Exchange
 0001:00032B50       Classes.TStringList.ExchangeItems
 0001:00032B74       Classes.TStringList.Find
 0001:00032BF8       Classes.TStringList.Get
 0001:00032C28       Classes.TStringList.GetCapacity
 0001:00032C2C       Classes.TStringList.GetCount
 0001:00032C30       Classes.TStringList.GetObject
 0001:00032C54       Classes.TStringList.Grow
 0001:00032C88       Classes.TStringList.IndexOf
 0001:00032CC4       Classes.TStringList.Insert
 0001:00032D28       Classes.TStringList.InsertItem
 0001:00032CD4       Classes.TStringList.InsertObject
 0001:00032DA4       Classes.TStringList.Put
 0001:00032DFC       Classes.TStringList.PutObject
 0001:00032E38       Classes.TStringList.QuickSort
 0001:00032ED0       Classes.TStringList.SetCapacity
 0001:00033050       Classes.TStringList.SetCaseSensitive
 0001:00032F10       Classes.TStringList.SetSorted
 0001:00032F30       Classes.TStringList.SetUpdateState
 0001:00032F70       Classes.TStringList.Sort
 0001:000312D0       Classes.TStrings.Add
 0001:000312F4       Classes.TStrings.AddObject
 0001:00031324       Classes.TStrings.AddStrings
 0001:00031318       Classes.TStrings.Append
 0001:000313DC       Classes.TStrings.Assign
 0001:00031498       Classes.TStrings.BeginUpdate
 0001:000270A8       Classes.TStrings.Clear
 0001:00032894       Classes.TStrings.CompareStrings
 0001:00031508       Classes.TStrings.DefineProperties
 0001:000270B0       Classes.TStrings.Delete
 0001:000312A0       Classes.TStrings.Destroy
 0001:00031560       Classes.TStrings.EndUpdate
 0001:00031574       Classes.TStrings.Equals
 0001:00031658       Classes.TStrings.Error
 0001:00031620       Classes.TStrings.Error
 0001:000316B0       Classes.TStrings.Exchange
 0001:0003179C       Classes.TStrings.GetCapacity
 0001:000317A4       Classes.TStrings.GetCommaText
 0001:0003183C       Classes.TStrings.GetDelimitedText
 0001:00032780       Classes.TStrings.GetDelimiter
 0001:00031AAC       Classes.TStrings.GetEnumerator
 0001:0003279C       Classes.TStrings.GetLineBreak
 0001:000328A0       Classes.TStrings.GetNameValueSeparator
 0001:00031ABC       Classes.TStrings.GetObject
 0001:000327D8       Classes.TStrings.GetQuoteChar
 0001:000327F4       Classes.TStrings.GetStrictDelimiter
 0001:00031AC0       Classes.TStrings.GetText
 0001:00031B14       Classes.TStrings.GetTextStr
 0001:00031CAC       Classes.TStrings.IndexOf
 0001:00031D38       Classes.TStrings.IndexOfName
 0001:00031E0C       Classes.TStrings.IndexOfObject
 0001:000270B8       Classes.TStrings.Insert
 0001:00031E40       Classes.TStrings.InsertObject
 0001:00031E70       Classes.TStrings.LoadFromFile
 0001:00031EC4       Classes.TStrings.LoadFromFile
 0001:00031F20       Classes.TStrings.LoadFromStream
 0001:00031F2C       Classes.TStrings.LoadFromStream
 0001:00032020       Classes.TStrings.Move
 0001:000320D0       Classes.TStrings.Put
 0001:00032100       Classes.TStrings.PutObject
 0001:00032104       Classes.TStrings.ReadData
 0001:000321B4       Classes.TStrings.SaveToFile
 0001:000321C4       Classes.TStrings.SaveToFile
 0001:00032224       Classes.TStrings.SaveToStream
 0001:00032234       Classes.TStrings.SaveToStream
 0001:000322EC       Classes.TStrings.SetCapacity
 0001:000322F0       Classes.TStrings.SetCommaText
 0001:000325D0       Classes.TStrings.SetDelimitedText
 0001:0003280C       Classes.TStrings.SetDelimiter
 0001:0003282C       Classes.TStrings.SetLineBreak
 0001:000328BC       Classes.TStrings.SetNameValueSeparator
 0001:00032858       Classes.TStrings.SetQuoteChar
 0001:00032878       Classes.TStrings.SetStrictDelimiter
 0001:00032318       Classes.TStrings.SetStringsAdapter
 0001:0003234C       Classes.TStrings.SetText
 0001:0003239C       Classes.TStrings.SetTextStr
 0001:00032548       Classes.TStrings.SetUpdateState
 0001:0003254C       Classes.TStrings.WriteData
 0001:00031228       Classes.TStringsEnumerator.Create
 0001:0003126C       Classes.TStringsEnumerator.GetCurrent
 0001:00031284       Classes.TStringsEnumerator.MoveNext
 0004:00004F48       Classes.TThread.$ClassInitFlag
 0001:0003A978       Classes.TThread.AfterConstruction
 0001:0003AA20       Classes.TThread.CallOnTerminate
 0001:0003A98C       Classes.TThread.CheckThreadError
 0001:0003AA08       Classes.TThread.CheckThreadError
 0001:0003A7D8       Classes.TThread.Create
 0002:0000023C       Classes.TThread.Create@
 0001:0003A8DC       Classes.TThread.Destroy
 0001:0003A950       Classes.TThread.Destroy@
 0001:0003AA34       Classes.TThread.DoTerminate
 0005:00000008       Classes.TThread.FCurrentThread
 0001:0003AA48       Classes.TThread.GetPriority
 0001:0003AA84       Classes.TThread.InternalStart
 0001:0003B51C       Classes.TThread.NameThreadForDebugging
 0001:0003AB5C       Classes.TThread.Queue
 0001:0003ACB0       Classes.TThread.Queue
 0001:0003ABE4       Classes.TThread.Queue
 0001:0003B118       Classes.TThread.Queue
 0001:0003B350       Classes.TThread.RemoveQueuedEvents
 0001:0003B2AC       Classes.TThread.RemoveQueuedEvents
 0001:0003AD50       Classes.TThread.RemoveQueuedEvents
 0001:0003B410       Classes.TThread.Resume
 0001:0003AB30       Classes.TThread.SetPriority
 0001:0003B364       Classes.TThread.SetSuspended
 0001:0003B37C       Classes.TThread.SpinWait
 0001:0003B398       Classes.TThread.Start
 0001:0003AE14       Classes.TThread.StaticQueue
 0001:0003B298       Classes.TThread.StaticSynchronize
 0001:0003B3A0       Classes.TThread.Suspend
 0001:0003B020       Classes.TThread.Synchronize
 0001:0003B1FC       Classes.TThread.Synchronize
 0001:0003AE28       Classes.TThread.Synchronize
 0001:0003AFEC       Classes.TThread.Synchronize
 0001:0003B088       Classes.TThread.Synchronize
 0001:0003B438       Classes.TThread.Terminate
 0001:0003B45C       Classes.TThread.WaitFor
 0001:000303C8       Classes.TThreadList.Add
 0001:00030450       Classes.TThreadList.Clear
 0001:000302F8       Classes.TThreadList.Create
 0001:0003034C       Classes.TThreadList.Destroy
 0001:00030498       Classes.TThreadList.LockList
 0001:000304AC       Classes.TThreadList.Remove
 0001:000304B4       Classes.TThreadList.RemoveItem
 0001:00030508       Classes.TThreadList.UnlockList
 0001:00037CA8       Classes.TWriter.AddAncestor
 0001:00037CDC       Classes.TWriter.DefineBinaryProperty
 0001:00037CB4       Classes.TWriter.DefineProperty
 0001:00037C7C       Classes.TWriter.Destroy
 0001:00037D18       Classes.TWriter.FindMethodName
 0001:00037D60       Classes.TWriter.FlushBuffer
 0001:0003A334       Classes.TWriter.GetLookupInfo
 0001:00037D08       Classes.TWriter.GetPosition
 0001:00037D68       Classes.TWriter.SetPosition
 0001:00037DA4       Classes.TWriter.SetRoot
 0001:00037DBC       Classes.TWriter.Write
 0001:00037E08       Classes.TWriter.WriteBinary
 0001:00037EA8       Classes.TWriter.WriteBoolean
 0001:00037E90       Classes.TWriter.WriteBuffer
 0001:00037EBC       Classes.TWriter.WriteChar
 0001:00037F5C       Classes.TWriter.WriteCollection
 0001:0003804C       Classes.TWriter.WriteComponent
 0001:000385F4       Classes.TWriter.WriteCurrency
 0001:000381A0       Classes.TWriter.WriteData
 0001:00038618       Classes.TWriter.WriteDate
 0001:00038560       Classes.TWriter.WriteDescendent
 0001:000385D0       Classes.TWriter.WriteDouble
 0001:00038588       Classes.TWriter.WriteFloat
 0001:0003863C       Classes.TWriter.WriteIdent
 0001:00038794       Classes.TWriter.WriteInteger
 0001:00038720       Classes.TWriter.WriteInteger
 0001:000387EC       Classes.TWriter.WriteListBegin
 0001:000387F4       Classes.TWriter.WriteListEnd
 0001:00039FF8       Classes.TWriter.WriteMinStr
 0001:000387FC       Classes.TWriter.WritePrefix
 0001:00038844       Classes.TWriter.WriteProperties
 0001:0003999C       Classes.TWriter.WriteProperty
 0001:00039ED0       Classes.TWriter.WritePropName
 0001:00039F24       Classes.TWriter.WriteRootComponent
 0001:00039F2C       Classes.TWriter.WriteSignature
 0001:000385AC       Classes.TWriter.WriteSingle
 0001:00039F3C       Classes.TWriter.WriteStr
 0001:0003A12C       Classes.TWriter.WriteString
 0001:0003A244       Classes.TWriter.WriteUTF8Str
 0001:0003A320       Classes.TWriter.WriteValue
 0001:00039AF0       Classes.TWriter.WriteVariant
 0001:00037F0C       Classes.TWriter.WriteWideChar
 0001:0003A318       Classes.TWriter.WriteWideString
 0001:0002F2AC       Classes.UnregisterFindGlobalComponentProc
 0001:0002ED90       Classes.UnRegisterModuleClasses
 0003:0000106C       Classes.UtilWindowClass
 0001:0003A508       Classes.WaitForSyncEvent
 0003:00000F84       Classes.WakeMainThread
 0001:0002F5E0       Classes.WriteCollection
 0001:000391CC       Classes.WriteCollectionProp
 0001:00039368       Classes.WriteFloatProp
 0001:000393A8       Classes.WriteInt64Prop
 0001:000397CC       Classes.WriteInterfaceProp
 0001:00039160       Classes.WriteIntProp
 0001:000398A8       Classes.WriteMethodProp
 0001:000395B8       Classes.WriteObjectProp
 0001:00039270       Classes.WriteOrdProp
 0001:00039074       Classes.WritePropPath
 0001:000390CC       Classes.WriteSet
 0001:000393E4       Classes.WriteStrProp
 0001:00039938       Classes.WriteVariantProp
 0004:0000516C       Clipbrd..3
 0004:0000516A       Clipbrd.CF_COMPONENT
 0004:00005168       Clipbrd.CF_PICTURE
 0002:00000950       Clipbrd.Clipbrd
 0004:00005170       Clipbrd.FClipboard
 0001:000628DC       Clipbrd.Finalization
 0004:0000517C       ComCtrls..96
 0001:00062CD8       ComCtrls..TConversion
 0002:00000A1C       ComCtrls.ComCtrls
 0004:00005180       ComCtrls.ConversionFormatList
 0001:00063070       ComCtrls.Finalization
 0001:00063010       ComCtrls.FreeConversionFormatList
 0004:00005188       ComCtrls.FRichEditModule
 0003:00001A20       ComCtrls.RTFConversionFormat
 0004:00005184       ComCtrls.ShellModule
 0001:00062F58       ComCtrls.TConversion.ConvertReadStream
 0001:00062FB4       ComCtrls.TConversion.ConvertWriteStream
 0001:00062F20       ComCtrls.TConversion.Create
 0003:00001A28       ComCtrls.TextConversionFormat
 0001:0000BAFC       CommCtrl.FlatSB_GetScrollInfo
 0001:0000BB04       CommCtrl.FlatSB_GetScrollPos
 0001:0000BB0C       CommCtrl.FlatSB_SetScrollInfo
 0001:0000BB14       CommCtrl.FlatSB_SetScrollPos
 0001:0000BB1C       CommCtrl.FlatSB_SetScrollProp
 0001:0000BA34       CommCtrl.ImageList_Add
 0001:0000BA94       CommCtrl.ImageList_BeginDrag
 0001:0000BA8C       CommCtrl.ImageList_Copy
 0001:0000BA14       CommCtrl.ImageList_Create
 0001:0000BA1C       CommCtrl.ImageList_Destroy
 0001:0000BAA4       CommCtrl.ImageList_DragEnter
 0001:0000BAAC       CommCtrl.ImageList_DragLeave
 0001:0000BAB4       CommCtrl.ImageList_DragMove
 0001:0000BABC       CommCtrl.ImageList_DragShowNolock
 0001:0000BA5C       CommCtrl.ImageList_Draw
 0001:0000BA6C       CommCtrl.ImageList_DrawEx
 0001:0000BA9C       CommCtrl.ImageList_EndDrag
 0001:0000BA4C       CommCtrl.ImageList_GetBkColor
 0001:0000BAC4       CommCtrl.ImageList_GetDragImage
 0001:0000BA7C       CommCtrl.ImageList_GetIcon
 0001:0000BADC       CommCtrl.ImageList_GetIconSize
 0001:0000BA24       CommCtrl.ImageList_GetImageCount
 0001:0000BAEC       CommCtrl.ImageList_GetImageInfo
 0001:0000BA84       CommCtrl.ImageList_LoadImage
 0001:0000BACC       CommCtrl.ImageList_Read
 0001:0000BA74       CommCtrl.ImageList_Remove
 0001:0000BA64       CommCtrl.ImageList_Replace
 0001:0000BA3C       CommCtrl.ImageList_ReplaceIcon
 0001:0000BA44       CommCtrl.ImageList_SetBkColor
 0001:0000BAE4       CommCtrl.ImageList_SetIconSize
 0001:0000BA2C       CommCtrl.ImageList_SetImageCount
 0001:0000BA54       CommCtrl.ImageList_SetOverlayImage
 0001:0000BAD4       CommCtrl.ImageList_Write
 0001:0000BB24       CommCtrl.InitializeFlatSB
 0001:0000BAF4       CommCtrl._TrackMouseEvent
 0001:00060A88       CommDlg.GetOpenFileName
 0001:0003F580       Contnrs..TObjectList
 0001:0003F9EC       Contnrs..TOrderedList
 0001:0003FC04       Contnrs..TStack
 0001:0003FC94       Contnrs.TObjectList.Add
 0001:0003FCD8       Contnrs.TObjectList.Create
 0001:0003FC9C       Contnrs.TObjectList.Create
 0001:0003FD1C       Contnrs.TObjectList.Extract
 0001:0003FD30       Contnrs.TObjectList.ExtractItem
 0001:0003FD48       Contnrs.TObjectList.FindInstanceOf
 0001:0003FDD0       Contnrs.TObjectList.First
 0001:0003FDE0       Contnrs.TObjectList.GetItem
 0001:0003FDF4       Contnrs.TObjectList.IndexOf
 0001:0003FDFC       Contnrs.TObjectList.IndexOfItem
 0001:0003FE04       Contnrs.TObjectList.Insert
 0001:0003FE0C       Contnrs.TObjectList.Last
 0001:0003FE18       Contnrs.TObjectList.Notify
 0001:0003FE44       Contnrs.TObjectList.Remove
 0001:0003FE4C       Contnrs.TObjectList.RemoveItem
 0001:0003FE54       Contnrs.TOrderedList.AtLeast
 0001:0003FE80       Contnrs.TOrderedList.Count
 0001:0003FE88       Contnrs.TOrderedList.Create
 0001:0003FECC       Contnrs.TOrderedList.Destroy
 0001:0003FE60       Contnrs.TOrderedList.Peek
 0001:0003FEFC       Contnrs.TOrderedList.PeekItem
 0001:0003FE68       Contnrs.TOrderedList.Pop
 0001:0003FF10       Contnrs.TOrderedList.PopItem
 0001:0003FE70       Contnrs.TOrderedList.Push
 0001:0003FF30       Contnrs.TStack.PushItem
 0004:000051EC       Controls..44
 0001:00074300       Controls..TBaseDragControlObject
 0001:00078160       Controls..TControl
 0001:00074F8C       Controls..TControlActionLink
 0001:00074B74       Controls..TControlCanvas
 0001:0007BB70       Controls..TCustomControl
 0001:00074DB8       Controls..TCustomControlAction
 0001:00076240       Controls..TCustomGestureCollectionItem
 0001:00076A80       Controls..TCustomGestureEngine
 0001:000764A0       Controls..TCustomGestureManager
 0001:0007E118       Controls..TCustomHint
 0001:0007DEC0       Controls..TCustomHintShowHideThread
 0001:0007DA84       Controls..TCustomHintWindow
 0001:0007D2AC       Controls..TCustomPanningWindow
 0001:00076C54       Controls..TCustomTouchManager
 0001:0007CF38       Controls..TDockTree
 0001:0007C950       Controls..TDockZone
 0001:0007449C       Controls..TDragControlObject
 0001:000745D8       Controls..TDragControlObjectEx
 0001:000746E4       Controls..TDragDockObject
 0001:00074A5C       Controls..TDragDockObjectEx
 0001:0007C24C       Controls..TDragImageList
 0001:00073DFC       Controls..TDragObject
 0001:0007B9A0       Controls..TGraphicControl
 0001:0007BD8C       Controls..THintWindow
 0001:0007C6A8       Controls..TImageList
 0001:00075878       Controls..TMargins
 0001:0007D55C       Controls..TMouse
 0001:00075D5C       Controls..TPadding
 0001:0007EE24       Controls..TSiteList
 0001:00075610       Controls..TSizeConstraints
 0001:00077208       Controls..TTouchManager
 0001:0007A4DC       Controls..TWinControl
 0001:00079F20       Controls..TWinControlActionLink
 0001:0007F5D8       Controls.AbsMin
 0004:00005220       Controls.ActiveDrag
 0001:00086350       Controls.AlignNestedControls
 0001:000862FC       Controls.AlignWork
 0003:00001D1C       Controls.AnchorAlign
 0003:00001D10       Controls.AnimateWindowProc
 0003:00001E98       Controls.AnimationStyle
 0001:000827EC       Controls.BackgroundClipped
 0001:00090DC4       Controls.CalcSplitterPos
 0001:0008065C       Controls.CancelDrag
 0004:00005234       Controls.CanvasList
 0003:00001DD4       Controls.CaptureControl
 0001:0007E73C       Controls.ChangeBiDiModeAlignment
 0001:000802C4       Controls.CheckUndock
 0001:0008DAF8       Controls.ClientToWindow
 0004:000051F2       Controls.ControlAtom
 0004:000051F8       Controls.ControlAtomString
 0002:00000B30       Controls.Controls
 0003:00001E2C       Controls.CPan
 0003:00001E28       Controls.CPanOoptions
 0003:00001E5C       Controls.CPanSingleFingerHorizontal
 0003:00001E54       Controls.CPanSingleFingerVertical
 0003:00001E64       Controls.CPanWithGutter
 0003:00001E6C       Controls.CPanWithInertia
 0003:00001E44       Controls.CPressAndTap
 0003:00001D18       Controls.CreationControl
 0003:00001E3C       Controls.CRotate
 0003:00001E18       Controls.Ctl3DStyles
 0003:00001E4C       Controls.CTwoFingerTap
 0003:00001D24       Controls.Cursors
 0001:0007EC04       Controls.CursorToIdent
 0003:00001E34       Controls.CZoom
 0003:00001D14       Controls.DefaultDockTreeClass
 0001:00087728       Controls.DestroyChildWindow
 0001:000865C8       Controls.DoAdjustSize
 0001:00086170       Controls.DoAlign
 0001:0008B9DC       Controls.DoCalcConstraints
 0004:00005228       Controls.DockSiteList
 0001:00088678       Controls.DoControlMsg
 0001:0007FBD8       Controls.DoDragOver
 0001:0008E7F0       Controls.DoFindControlZone
 0001:0008EF1C       Controls.DoFindZone
 0001:0008E874       Controls.DoForEach
 0001:00090594       Controls.DoGetNextLimit
 0001:000916D0       Controls.DoneControls
 0001:00086128       Controls.DoPosition
 0001:0008FA40       Controls.DoPrune
 0001:0008FF88       Controls.DoSaveZone
 0001:0009028C       Controls.DoSetNewBounds
 0001:000873A4       Controls.DoWriteDesignSize
 0001:00083D80       Controls.DoWriteExplicit
 0001:00083D4C       Controls.DoWriteIsControl
 0004:0000520C       Controls.DragCapture
 0004:00005200       Controls.DragControl
 0001:00080338       Controls.DragDone
 0001:0007FB88       Controls.DragFindTarget
 0001:0007FB5C       Controls.DragFindWindow
 0004:00005224       Controls.DragImageList
 0001:0007FF9C       Controls.DragInit
 0001:0008010C       Controls.DragInitControl
 0004:00005208       Controls.DragInternalObject
 0001:0007FAA4       Controls.DragMessage
 0004:00005204       Controls.DragObject
 0004:00005230       Controls.DragSave
 0004:00005218       Controls.DragSaveCursor
 0004:00005210       Controls.DragStartPos
 0004:0000521C       Controls.DragThreshold
 0001:0007FCB4       Controls.DragTo
 0001:0008F4C0       Controls.DrawCloseButton
 0001:0008F554       Controls.DrawGrabberLine
 0001:0008F5E0       Controls.DrawThemedGrabber
 0001:00088B94       Controls.DrawThemeEdge
 0003:00001E08       Controls.EdgeStyles
 0001:00093394       Controls.Finalization
 0001:0007E894       Controls.FindControl
 0001:000806A8       Controls.FindDragTarget
 0001:00080674       Controls.FindVCLWindow
 0004:00005238       Controls.FlagControl
 0001:0008079C       Controls.FreeDeviceContext
 0001:00080864       Controls.FreeDeviceContexts
 0003:00001E20       Controls.GestureMap
 0001:0007EDB8       Controls.GetCaptureControl
 0001:00085F90       Controls.GetClientSize
 0001:00087C34       Controls.GetControlAtPos
 0001:00090674       Controls.GetDockAlign
 0001:0007F8FC       Controls.GetDockSiteAtPos
 0001:0007FC14       Controls.GetDropCtl
 0001:0008E520       Controls.GetLastChildZone
 0001:0007EC6C       Controls.GetLongHint
 0001:0007EC24       Controls.GetShortHint
 0001:0007EFE8       Controls.GetTopParent
 0001:000906F0       Controls.HideZone
 0001:0007EC14       Controls.IdentToCursor
 0003:00001EC0       Controls.IMM32DLL
 0001:000916BC       Controls.Imm32IsIME
 0001:00091770       Controls.InitControls
 0001:00091288       Controls.InitIMM32
 0001:0007E750       Controls.InitWndProc
 0003:00001DE8       Controls.InnerStyles
 0001:00085FF8       Controls.InsertBefore
 0001:0007F6BC       Controls.IsBeforeTargetWindow
 0001:0007FAFC       Controls.IsDelphiHandle
 0001:0008DF38       Controls.IsOrientationSet
 0001:0007F8B8       Controls.IsSiteChildOfClient
 0001:0007E8F0       Controls.IsVCLControl
 0004:000051E0       Controls.IsVCLControlHook
 0001:000929E8       Controls.LatestHintWindow
 0001:000806F4       Controls.ListAdd
 0001:0008071C       Controls.ListRemove
 0003:00001EAC       Controls.MakeLast
 0001:00085004       Controls.MinVar
 0003:00001EC4       Controls.ModeMap
 0004:000051DC       Controls.Mouse
 0001:0007E700       Controls.MouseOriginToShiftState
 0001:0008076C       Controls.MoveWindowOrg
 0004:000051E8       Controls.NewStyleControls
 0001:0008DF1C       Controls.NextVisibleZone
 0001:0007E860       Controls.ObjectFromHWnd
 0003:00001E74       Controls.Options
 0003:00001EA4       Controls.OrientArray
 0003:00001DF8       Controls.OuterStyles
 0003:00001DD8       Controls.PaintMessage
 0001:0008E348       Controls.ParentNotLast
 0001:0007ED04       Controls.PerformBufferedPrintClient
 0001:0007ECB4       Controls.PerformEraseBackground
 0001:00087390       Controls.PointsEqual
 0004:0000522C       Controls.QualifyingSites
 0001:0008F0B8       Controls.ReadControlName
 0001:0007FA48       Controls.RegisterDockSite
 0004:000051FC       Controls.RM_GetObjectInstance
 0001:0007E920       Controls.SendAppMessage
 0001:0007EDE0       Controls.SetCaptureControl
 0001:000915E4       Controls.SetImeMode
 0001:0008487C       Controls.SetParentColor
 0003:00001DE0       Controls.ShowFlags
 0001:00090770       Controls.ShowZone
 0003:00001EB8       Controls.SizeCursors
 0001:0007F3BC       Controls.TBaseDragControlObject.Assign
 0001:0007F380       Controls.TBaseDragControlObject.Create
 0001:0007F3E8       Controls.TBaseDragControlObject.EndDrag
 0001:0007F414       Controls.TBaseDragControlObject.Finished
 0001:00084D34       Controls.TControl.ActionChange
 0001:00085128       Controls.TControl.AdjustSize
 0001:00084F58       Controls.TControl.AssignTo
 0001:00082B8C       Controls.TControl.BeginAutoDrag
 0001:00082BA8       Controls.TControl.BeginDrag
 0001:0008263C       Controls.TControl.BringToFront
 0001:00083750       Controls.TControl.CalcCursorPos
 0001:00083908       Controls.TControl.CalcDockSizes
 0001:00083650       Controls.TControl.CanAutoSize
 0001:00083654       Controls.TControl.CanResize
 0001:00081F8C       Controls.TControl.Changed
 0001:00081F9C       Controls.TControl.ChangeScale
 0001:000843AC       Controls.TControl.CheckNewSize
 0001:00084180       Controls.TControl.Click
 0001:00085364       Controls.TControl.ClientToParent
 0001:00081D90       Controls.TControl.ClientToScreen
 0001:000849F8       Controls.TControl.CMBiDiModeChanged
 0001:00084870       Controls.TControl.CMColorChanged
 0001:00084B74       Controls.TControl.CMDesignHitTest
 0001:00084858       Controls.TControl.CMEnabledChanged
 0001:00084CD4       Controls.TControl.CMFloat
 0001:00084864       Controls.TControl.CMFontChanged
 0001:00084984       Controls.TControl.CMGesture
 0001:000851B4       Controls.TControl.CMHintShow
 0001:00084AA4       Controls.TControl.CMHitTest
 0001:00085584       Controls.TControl.CMMouseActivate
 0001:00084AAC       Controls.TControl.CMMouseEnter
 0001:00084B10       Controls.TControl.CMMouseLeave
 0001:00084914       Controls.TControl.CMMouseWheel
 0001:000848F0       Controls.TControl.CMParentBiDiModeChanged
 0001:000848B4       Controls.TControl.CMParentColorChanged
 0001:00084A50       Controls.TControl.CMParentFontChanged
 0001:00084A14       Controls.TControl.CMParentShowHintChanged
 0001:00084B7C       Controls.TControl.CMParentTabletOptionsChanged
 0001:00084A80       Controls.TControl.CMSysFontChanged
 0001:00084830       Controls.TControl.CMVisibleChanged
 0001:00083720       Controls.TControl.ConstrainedResize
 0001:00080FF4       Controls.TControl.Create
 0001:00084BB0       Controls.TControl.CreateFloatingDockSite
 0001:00084C30       Controls.TControl.CreateTouchManager
 0001:000841F8       Controls.TControl.DblClick
 0001:00083088       Controls.TControl.DefaultDockImage
 0001:00083C98       Controls.TControl.DefaultHandler
 0001:00083FA0       Controls.TControl.DefineProperties
 0001:0008377C       Controls.TControl.DesignWndProc
 0001:0008113C       Controls.TControl.Destroy
 0001:00084E34       Controls.TControl.DoActionChange
 0001:00083684       Controls.TControl.DoCanAutoSize
 0001:000836F0       Controls.TControl.DoCanResize
 0001:00081A3C       Controls.TControl.Dock
 0001:00082E74       Controls.TControl.DockTrackNoTarget
 0001:000837B0       Controls.TControl.DoConstrainedResize
 0001:00083644       Controls.TControl.DoConstraintsChange
 0001:00085324       Controls.TControl.DoContextPopup
 0001:00081B6C       Controls.TControl.DoDock
 0001:000831D4       Controls.TControl.DoDragMsg
 0001:00082E8C       Controls.TControl.DoEndDock
 0001:00082D74       Controls.TControl.DoEndDrag
 0001:00082D54       Controls.TControl.DoGesture
 0001:00082D58       Controls.TControl.DoGetGestureOptions
 0001:000855A8       Controls.TControl.DoMarginChange
 0001:00082EE8       Controls.TControl.DoMouseActivate
 0001:00084250       Controls.TControl.DoMouseDown
 0001:000845EC       Controls.TControl.DoMouseUp
 0001:00082F1C       Controls.TControl.DoMouseWheel
 0001:00082FF0       Controls.TControl.DoMouseWheelDown
 0001:0008303C       Controls.TControl.DoMouseWheelUp
 0001:00082EB8       Controls.TControl.DoStartDock
 0001:00082D34       Controls.TControl.DoStartDrag
 0001:00082CBC       Controls.TControl.DragCanceled
 0001:00082D08       Controls.TControl.DragDrop
 0001:00082CC0       Controls.TControl.Dragging
 0001:00082CCC       Controls.TControl.DragOver
 0001:000831B4       Controls.TControl.DrawDragDockImage
 0001:00085148       Controls.TControl.DrawTextBiDiModeFlags
 0001:00085188       Controls.TControl.DrawTextBiDiModeFlagsReadingOnly
 0001:00082C88       Controls.TControl.EndDrag
 0001:000831C4       Controls.TControl.EraseDragDockImage
 0001:0008244C       Controls.TControl.FontChanged
 0001:000812F8       Controls.TControl.GetAction
 0001:00084E58       Controls.TControl.GetActionLinkClass
 0001:000855CC       Controls.TControl.GetAlignWithMargins
 0001:00081C24       Controls.TControl.GetBoundsRect
 0001:00081CC0       Controls.TControl.GetClientHeight
 0001:00081D00       Controls.TControl.GetClientOrigin
 0001:00081C68       Controls.TControl.GetClientRect
 0001:00081C80       Controls.TControl.GetClientWidth
 0001:00082B24       Controls.TControl.GetControlsAlignment
 0001:000838E0       Controls.TControl.GetCustomHint
 0001:00082744       Controls.TControl.GetDeviceContext
 0001:00085044       Controls.TControl.GetDockEdge
 0001:00081238       Controls.TControl.GetDragImages
 0001:000814E8       Controls.TControl.GetDragMode
 0001:0008123C       Controls.TControl.GetEnabled
 0001:000850F4       Controls.TControl.GetFloating
 0001:00085120       Controls.TControl.GetFloatingDockSiteClass
 0001:0008235C       Controls.TControl.GetLRDockWidth
 0001:00082604       Controls.TControl.GetMouseCapture
 0001:00081244       Controls.TControl.GetPalette
 0001:00081250       Controls.TControl.GetParentComponent
 0001:000843A8       Controls.TControl.GetPopupMenu
 0001:00082348       Controls.TControl.GetTBDockHeight
 0001:00082394       Controls.TControl.GetText
 0001:00082314       Controls.TControl.GetTextBuf
 0001:00082304       Controls.TControl.GetTextLen
 0001:00082320       Controls.TControl.GetUndockHeight
 0001:00082334       Controls.TControl.GetUndockWidth
 0001:00081248       Controls.TControl.HasParent
 0001:000829D0       Controls.TControl.Hide
 0001:000851A4       Controls.TControl.InitiateAction
 0001:00082908       Controls.TControl.Invalidate
 0001:00082874       Controls.TControl.InvalidateControl
 0001:00081424       Controls.TControl.IsAnchorsStored
 0001:000824C0       Controls.TControl.IsBiDiModeStored
 0001:00084E60       Controls.TControl.IsCaptionStored
 0001:00082598       Controls.TControl.IsColorStored
 0001:00084E80       Controls.TControl.IsEnabledStored
 0001:000824A0       Controls.TControl.IsFontStored
 0001:00084EC0       Controls.TControl.IsHelpContextStored
 0001:00084EA0       Controls.TControl.IsHintStored
 0001:00084F00       Controls.TControl.IsOnClickStored
 0001:00082B28       Controls.TControl.IsRightToLeft
 0001:000824B4       Controls.TControl.IsShowHintStored
 0001:0008143C       Controls.TControl.IsTouchPropertyStored
 0001:00084EE0       Controls.TControl.IsVisibleStored
 0001:00084F20       Controls.TControl.Loaded
 0001:000832C4       Controls.TControl.ManualDock
 0001:000834B0       Controls.TControl.ManualFloat
 0001:0008291C       Controls.TControl.MouseActivate
 0001:00084218       Controls.TControl.MouseDown
 0001:000844F8       Controls.TControl.MouseMove
 0001:000845B4       Controls.TControl.MouseUp
 0001:00082964       Controls.TControl.MouseWheelHandler
 0001:000815C0       Controls.TControl.Notification
 0001:0008127C       Controls.TControl.PaletteChanged
 0001:00085474       Controls.TControl.ParentToClient
 0001:000838CC       Controls.TControl.Perform
 0001:00083884       Controls.TControl.Perform
 0001:000838B8       Controls.TControl.Perform
 0001:00082DA0       Controls.TControl.PositionDockRect
 0001:000856A4       Controls.TControl.ReadExplicitHeight
 0001:000856BC       Controls.TControl.ReadExplicitLeft
 0001:0008568C       Controls.TControl.ReadExplicitTop
 0001:00085664       Controls.TControl.ReadExplicitWidth
 0001:00083D2C       Controls.TControl.ReadIsControl
 0001:00081510       Controls.TControl.ReadState
 0001:00082A1C       Controls.TControl.Refresh
 0001:00082A28       Controls.TControl.Repaint
 0001:00083550       Controls.TControl.ReplaceDockedControl
 0001:000814D8       Controls.TControl.RequestAlign
 0001:000814F0       Controls.TControl.Resize
 0001:00081DBC       Controls.TControl.ScaleConstraints
 0001:00081E40       Controls.TControl.ScaleMargins
 0001:00081EC4       Controls.TControl.ScreenToClient
 0001:00081EF0       Controls.TControl.SendCancelMode
 0001:00081F20       Controls.TControl.SendDockNotification
 0001:0008264C       Controls.TControl.SendToBack
 0001:000813A8       Controls.TControl.SetAction
 0001:0008163C       Controls.TControl.SetAlign
 0001:000855D4       Controls.TControl.SetAlignWithMargins
 0001:00081308       Controls.TControl.SetAnchors
 0001:00082164       Controls.TControl.SetAutoSize
 0001:00082430       Controls.TControl.SetBiDiMode
 0001:00081724       Controls.TControl.SetBounds
 0001:00081C44       Controls.TControl.SetBoundsRect
 0001:00081CD8       Controls.TControl.SetClientHeight
 0001:00082220       Controls.TControl.SetClientSize
 0001:00081C98       Controls.TControl.SetClientWidth
 0001:0008254C       Controls.TControl.SetColor
 0001:00085358       Controls.TControl.SetConstraints
 0001:000825E8       Controls.TControl.SetCursor
 0001:0008270C       Controls.TControl.SetCustomHint
 0001:0008149C       Controls.TControl.SetDesignVisible
 0001:000814D4       Controls.TControl.SetDragMode
 0001:000822EC       Controls.TControl.SetEnabled
 0001:00082490       Controls.TControl.SetFont
 0001:00081A08       Controls.TControl.SetHeight
 0001:00081BC4       Controls.TControl.SetHelpContext
 0001:00081BD8       Controls.TControl.SetHelpKeyword
 0001:00081BFC       Controls.TControl.SetHostDockSite
 0001:0008196C       Controls.TControl.SetLeft
 0001:000855B4       Controls.TControl.SetMargins
 0001:00082614       Controls.TControl.SetMouseCapture
 0001:0008217C       Controls.TControl.SetName
 0001:00082268       Controls.TControl.SetParent
 0001:000825C4       Controls.TControl.SetParentBiDiMode
 0001:000825A0       Controls.TControl.SetParentColor
 0001:00081254       Controls.TControl.SetParentComponent
 0001:0008253C       Controls.TControl.SetParentCustomHint
 0001:000824C8       Controls.TControl.SetParentFont
 0001:00082510       Controls.TControl.SetParentShowHint
 0001:00082370       Controls.TControl.SetPopupMenu
 0001:000824EC       Controls.TControl.SetShowHint
 0001:000823CC       Controls.TControl.SetText
 0001:000817C4       Controls.TControl.SetTextBuf
 0001:000819A0       Controls.TControl.SetTop
 0001:000855C0       Controls.TControl.SetTouchManager
 0001:000822B4       Controls.TControl.SetVisible
 0001:000819D4       Controls.TControl.SetWidth
 0001:000826E8       Controls.TControl.SetZOrder
 0001:0008265C       Controls.TControl.SetZOrderPosition
 0001:000829D8       Controls.TControl.Show
 0001:00082A08       Controls.TControl.Update
 0001:000817E8       Controls.TControl.UpdateAnchorRules
 0001:0008397C       Controls.TControl.UpdateBoundsRect
 0001:00085600       Controls.TControl.UpdateExplicitBounds
 0001:00082B58       Controls.TControl.UseRightToLeftAlignment
 0001:00082B40       Controls.TControl.UseRightToLeftReading
 0001:00082B70       Controls.TControl.UseRightToLeftScrollBar
 0001:000839AC       Controls.TControl.VisibleChanging
 0001:00084744       Controls.TControl.WMCancelMode
 0001:000851E4       Controls.TControl.WMContextMenu
 0001:00084354       Controls.TControl.WMLButtonDblClk
 0001:000842EC       Controls.TControl.WMLButtonDown
 0001:00084630       Controls.TControl.WMLButtonUp
 0001:000844CC       Controls.TControl.WMMButtonDblClk
 0001:000844A0       Controls.TControl.WMMButtonDown
 0001:000846CC       Controls.TControl.WMMButtonUp
 0001:0008452C       Controls.TControl.WMMouseMove
 0001:000846EC       Controls.TControl.WMMouseWheel
 0001:00084338       Controls.TControl.WMNCLButtonDown
 0001:00084474       Controls.TControl.WMRButtonDblClk
 0001:00084448       Controls.TControl.WMRButtonDown
 0001:000846AC       Controls.TControl.WMRButtonUp
 0001:00084780       Controls.TControl.WMWindowPosChanged
 0001:000839B0       Controls.TControl.WndProc
 0001:00085644       Controls.TControl.WriteExplicitHeight
 0001:00085654       Controls.TControl.WriteExplicitLeft
 0001:00085634       Controls.TControl.WriteExplicitTop
 0001:0008567C       Controls.TControl.WriteExplicitWidth
 0001:00083D40       Controls.TControl.WriteIsControl
 0001:00080B94       Controls.TControlActionLink.AssignClient
 0001:00080BB0       Controls.TControlActionLink.DoShowHint
 0001:00080CAC       Controls.TControlActionLink.IsCaptionLinked
 0001:00080D20       Controls.TControlActionLink.IsDropdownMenuLinked
 0001:00080D34       Controls.TControlActionLink.IsEnabledLinked
 0001:00080D68       Controls.TControlActionLink.IsEnableDropdownLinked
[...]
   329 0001:000B61FF   330 0001:000B6212   331 0001:000B6225   333 0001:000B6238
   334 0001:000B6247   337 0001:000B624C   338 0001:000B6269   339 0001:000B6270
   341 0001:000B627A   344 0001:000B6286   345 0001:000B628D   347 0001:000B62A0
   348 0001:000B62C0   350 0001:000B62E0   352 0001:000B6311   354 0001:000B6332
   355 0001:000B633C   356 0001:000B6347   357 0001:000B635D   360 0001:000B64B4
   361 0001:000B64D5   363 0001:000B64F3   364 0001:000B6506   366 0001:000B6524
   367 0001:000B6537   369 0001:000B6555   371 0001:000B655E   372 0001:000B6565
   374 0001:000B6585   376 0001:000B65A3   378 0001:000B65AD   379 0001:000B65B2
   381 0001:000B65D2   383 0001:000B65F0   384 0001:000B65F7   386 0001:000B6615
   387 0001:000B6638   388 0001:000B6656   390 0001:000B6687   391 0001:000B6691
   393 0001:000B669C   394 0001:000B66B2   396 0001:000B66BC   400 0001:000B6A40
   401 0001:000B6A5D   402 0001:000B6A6B   404 0001:000B6A94   406 0001:000B6A96
   407 0001:000B6ABD   408 0001:000B6AD5   412 0001:000B6AE4   413 0001:000B6B25
   414 0001:000B6B43   415 0001:000B6B71   416 0001:000B6B8F   417 0001:000B6BAD
   419 0001:000B6BCB   420 0001:000B6BD7   421 0001:000B6BE1   422 0001:000B6C0C
   424 0001:000B6C27   425 0001:000B6C42   426 0001:000B6C5D   428 0001:000B6C76
   431 0001:000B7090   432 0001:000B7096   434 0001:000B70A2   435 0001:000B70B7
   436 0001:000B70C5   437 0001:000B70D6   438 0001:000B70E7   439 0001:000B70F4
   442 0001:000B70F7   444 0001:000B7103   445 0001:000B7118   446 0001:000B7126
   447 0001:000B7137   448 0001:000B7148   449 0001:000B7155   452 0001:000B715C
   455 0001:000B7238   457 0001:000B723B   458 0001:000B7240   463 0001:000B7244
   464 0001:000B724B   465 0001:000B7255   466 0001:000B7257   465 0001:000B7266
   467 0001:000B726B   468 0001:000B7275   518 0001:000B734C   520 0001:000B7379
   521 0001:000B738B   522 0001:000B739D   523 0001:000B73AF   525 0001:000B73C1
   527 0001:000B73D3   528 0001:000B73E1   529 0001:000B742A   530 0001:000B7473
   531 0001:000B74BC   533 0001:000B7520   535 0001:000B7526   536 0001:000B7531
   537 0001:000B753C   538 0001:000B7547   541 0001:000B7552   542 0001:000B7562
   547 0001:000B7571   549 0001:000B7597   550 0001:000B75A2   551 0001:000B75AD
   552 0001:000B75B8   559 0001:000B75C3   560 0001:000B75D3   563 0001:000B75D8
   566 0001:000B75EA   567 0001:000B75F8   568 0001:000B7627   569 0001:000B763A
   570 0001:000B764D   571 0001:000B7660   572 0001:000B7673   574 0001:000B7686
   575 0001:000B76B8   577 0001:000B76CB   578 0001:000B76FD   579 0001:000B7710
   580 0001:000B7723   581 0001:000B7736   583 0001:000B7749   584 0001:000B777B
   585 0001:000B778E   586 0001:000B77A1   588 0001:000B77B4   589 0001:000B77E6
   590 0001:000B77F9   591 0001:000B780C   592 0001:000B781F   594 0001:000B7832
   595 0001:000B7864   596 0001:000B7877   597 0001:000B788A   598 0001:000B789D
   600 0001:000B78B0   601 0001:000B78E2   602 0001:000B78F5   603 0001:000B7908
   605 0001:000B791B   606 0001:000B794D   607 0001:000B7960   608 0001:000B7973
   609 0001:000B7986   611 0001:000B7999   612 0001:000B79CB   613 0001:000B79DE
   615 0001:000B79F1   616 0001:000B7A20   617 0001:000B7A33   619 0001:000B7A46
   620 0001:000B7A6D   622 0001:000B7AAF   626 0001:000B7ABA   628 0001:000B7AC9
   629 0001:000B7ADD   630 0001:000B7AF1   631 0001:000B7B05   634 0001:000B7B19
   635 0001:000B7B2D   636 0001:000B7B41   637 0001:000B7B55   638 0001:000B7B69
   639 0001:000B7B7D   640 0001:000B7B91   642 0001:000B7BA5   644 0001:000B7BB8
   645 0001:000B7BCC   646 0001:000B7BE0   647 0001:000B7BF4   648 0001:000B7C08
   649 0001:000B7C1C   650 0001:000B7C4E   653 0001:000B7C82   654 0001:000B7C8A
   655 0001:000B7C92   656 0001:000B7C9A   657 0001:000B7CA2   658 0001:000B7CAA
   659 0001:000B7CB2   662 0001:000B7CBA   665 0001:000B7CC9   666 0001:000B7CDD
   667 0001:000B7CF1   668 0001:000B7D05   669 0001:000B7D19   672 0001:000B7D2F
   673 0001:000B7D37   674 0001:000B7D3F   675 0001:000B7D47   676 0001:000B7D4F
   679 0001:000B7D57   680 0001:000B7D89   681 0001:000B7DBB   687 0001:000B7DED
   688 0001:000B7E15   690 0001:000B7E1E   691 0001:000B7E20   689 0001:000B7E33
   694 0001:000B7E38   697 0001:000B7E53   698 0001:000B7E5E   699 0001:000B7E6E
   701 0001:000B7E92   702 0001:000B7EC1   703 0001:000B7F1E   699 0001:000B7F1F
   704 0001:000B7F26   705 0001:000B7F38   704 0001:000B7F48   706 0001:000B7F4E
   707 0001:000B7F6C   706 0001:000B7F95   710 0001:000B7F98   711 0001:000B7FA3
   712 0001:000B7FB3   714 0001:000B7FD7   715 0001:000B8006   716 0001:000B8063
   712 0001:000B8064   717 0001:000B806B   718 0001:000B807D   717 0001:000B808D
   719 0001:000B8093   720 0001:000B80B1   719 0001:000B80DA   723 0001:000B80DD
   724 0001:000B80E8   725 0001:000B80F8   727 0001:000B8108   728 0001:000B812A
   727 0001:000B8165   731 0001:000B816A   732 0001:000B817A   733 0001:000B817F
   732 0001:000B818F   735 0001:000B8192   736 0001:000B81B0   735 0001:000B81D9
   739 0001:000B81DC   740 0001:000B81E7   741 0001:000B81F7   743 0001:000B820A
   745 0001:000B8233   746 0001:000B82AC   748 0001:000B8324   750 0001:000B8333
   751 0001:000B834C   752 0001:000B8398   754 0001:000B83C6   755 0001:000B83E2
   756 0001:000B8400   757 0001:000B841E   758 0001:000B843C   759 0001:000B845A
   760 0001:000B8478   762 0001:000B8496   765 0001:000B84B8   766 0001:000B84CA
   765 0001:000B84DA   769 0001:000B84E2   770 0001:000B84F2   771 0001:000B84F7
   770 0001:000B8507   773 0001:000B850A   774 0001:000B8528   773 0001:000B8551
   777 0001:000B8554   778 0001:000B8561   780 0001:000B8585   781 0001:000B8597
   785 0001:000B85AE   786 0001:000B85CE   787 0001:000B860F   790 0001:000B863C
   791 0001:000B865C   792 0001:000B869E   793 0001:000B86EE   794 0001:000B873E
   795 0001:000B878E   796 0001:000B87D8   800 0001:000B8800   801 0001:000B880B
   802 0001:000B881B   804 0001:000B882E   805 0001:000B885A   806 0001:000B88B7
   807 0001:000B88C0   809 0001:000B88D2   810 0001:000B892F   811 0001:000B8938
   813 0001:000B894D   814 0001:000B8959   816 0001:000B89BB   819 0001:000B8A4B
   821 0001:000B8A8A   824 0001:000B8B03   825 0001:000B8B15   824 0001:000B8B25
   828 0001:000B8B2D   829 0001:000B8B3D   830 0001:000B8B42   829 0001:000B8B52
   832 0001:000B8B55   833 0001:000B8B73   832 0001:000B8B9C   837 0001:000B8B9F
   839 0001:000B8BA8   841 0001:000B8BBD   843 0001:000B8BD5   845 0001:000B8BEA
   847 0001:000B8C02   849 0001:000B8C17   851 0001:000B8C2F   853 0001:000B8C44
   855 0001:000B8C5C   857 0001:000B8C71   859 0001:000B8C89   861 0001:000B8C9E
   863 0001:000B8CB6   867 0001:000B8CCB   868 0001:000B8CE3   869 0001:000B8CEA
   870 0001:000B8D02   871 0001:000B8D09   872 0001:000B8D21   873 0001:000B8D28
   874 0001:000B8D40   875 0001:000B8D47   878 0001:000B8D57   881 0001:000B8D64
   883 0001:000B8D6D   884 0001:000B8D84   885 0001:000B8D9B   888 0001:000B8DB4
   889 0001:000B8DD1   890 0001:000B8DEE   893 0001:000B8E0B   895 0001:000B8E2B
   896 0001:000B8E46   897 0001:000B8E70   898 0001:000B8E9A   901 0001:000B8EB5
   902 0001:000B8ED0   903 0001:000B8EEB   907 0001:000B8F06   908 0001:000B8F11
   910 0001:000B8F24   911 0001:000B8F43   912 0001:000B8F62   913 0001:000B8F81
   914 0001:000B8FAD   915 0001:000B900A   918 0001:000B9067   919 0001:000B9079
   918 0001:000B9089   922 0001:000B9091   923 0001:000B90A1   924 0001:000B90A6
   923 0001:000B90B6   926 0001:000B90B9   927 0001:000B90D7   926 0001:000B9100
   929 0001:000B9103   932 0001:000B9110   934 0001:000B914A   935 0001:000B916B
   936 0001:000B91A1   937 0001:000B91D7   941 0001:000B9213   942 0001:000B921E
   944 0001:000B9231   945 0001:000B9241   947 0001:000B924F   948 0001:000B9293
   950 0001:000B92EA   952 0001:000B9316   953 0001:000B939C   955 0001:000B93E6
   956 0001:000B9446   957 0001:000B9458   956 0001:000B9468   960 0001:000B9470
   961 0001:000B9480   962 0001:000B9485   961 0001:000B9495   964 0001:000B9498
   965 0001:000B94B6   964 0001:000B94DF   967 0001:000B94E2   970 0001:000B94EF
   972 0001:000B94FE   973 0001:000B9510   976 0001:000B9527   977 0001:000B9547
   978 0001:000B9588   980 0001:000B95B5   981 0001:000B95D0   982 0001:000B95FF
   983 0001:000B964C   987 0001:000B9688   988 0001:000B9693   989 0001:000B969E
   990 0001:000B96A9   991 0001:000B96B4   992 0001:000B96BF   993 0001:000B96CA
  1004 0001:000B9DE4  1005 0001:000B9DF7  1007 0001:000B9DFF  1008 0001:000B9E0B
  1009 0001:000B9E11  1010 0001:000B9E14  1011 0001:000B9E1C  1012 0001:000B9E1E
  1016 0001:000B9E23  1018 0001:000B9E3D  1019 0001:000B9E49  1020 0001:000B9E4F
  1021 0001:000B9E52  1025 0001:000B9E5A  1027 0001:000B9E64  1028 0001:000B9E66
  1033 0001:000B9E68  1035 0001:000B9E82  1036 0001:000B9EAE  1037 0001:000B9EC3
  1043 0001:000B9ED0  1044 0001:000B9EE0  1045 0001:000B9EE3  1046 0001:000B9EE6
  1048 0001:000B9EFD  1049 0001:000B9F0E  1050 0001:000B9F1D  1052 0001:000B9F21
  1053 0001:000B9F27  1054 0001:000B9F2D  1055 0001:000B9F33  1056 0001:000B9F3D
  1058 0001:000B9F47  1059 0001:000B9F4B  1060 0001:000B9F62  1061 0001:000B9F79
  1064 0001:000B9F84  1065 0001:000B9FA6  1066 0001:000B9FB4  1068 0001:000B9FE4
  1069 0001:000B9FE9  1072 0001:000BA028  1073 0001:000BA05C  1074 0001:000BA069
  1075 0001:000BA103  1083 0001:000BA174  1084 0001:000BA198  1085 0001:000BA1C0
  1086 0001:000BA1C7  1087 0001:000BA1D4  1090 0001:000BA1E4  1091 0001:000BA1F1
  1092 0001:000BA20B  1093 0001:000BA215  1088 0001:000BA231  1096 0001:000BA24F
  1097 0001:000BA257  1104 0001:000BA28C  1105 0001:000BA2B5  1106 0001:000BA2BF
  1109 0001:000BA2C1  1110 0001:000BA2CE  1111 0001:000BA2DD  1112 0001:000BA2F7
  1113 0001:000BA31A  1114 0001:000BA335  1115 0001:000BA350  1117 0001:000BA369
  1120 0001:000BA372  1121 0001:000BA388  1122 0001:000BA398  1123 0001:000BA3BB
  1125 0001:000BA3D4  1128 0001:000BA3DD  1130 0001:000BA3E6  1132 0001:000BA3EF
  1133 0001:000BA408  1134 0001:000BA42D  1138 0001:000BA432  1139 0001:000BA447
  1141 0001:000BA44C  1142 0001:000BA465  1144 0001:000BA46A  1146 0001:000BA481
  1147 0001:000BA49A  1151 0001:000BA49F  1152 0001:000BA4BB  1153 0001:000BA4CB
  1154 0001:000BA4EE  1156 0001:000BA507  1159 0001:000BA510  1160 0001:000BA52C
  1161 0001:000BA53C  1162 0001:000BA55F  1164 0001:000BA578  1167 0001:000BA581
  1170 0001:000BA591  1172 0001:000BA593  1173 0001:000BA59C  1174 0001:000BA5A1
  1173 0001:000BA5AF  1175 0001:000BA5B2  1170 0001:000BA5B3  1178 0001:000BA5B8
  1179 0001:000BA5C2  1181 0001:000BA5D5  1184 0001:000BA5EE  1186 0001:000BA5FE
  1187 0001:000BA605  1188 0001:000BA607  1193 0001:000BABE4  1194 0001:000BABE7
  1196 0001:000BABF5  1197 0001:000BAC0A  1200 0001:000BAC0C  1202 0001:000BAC1A
  1205 0001:000BAC2F  1212 0001:000BAD30  1213 0001:000BAD66  1215 0001:000BADA5
  1217 0001:000BADAD  1218 0001:000BADB9  1220 0001:000BADD2  1221 0001:000BADE5
  1222 0001:000BADF0  1224 0001:000BADF8  1227 0001:000BAE84  1228 0001:000BAE87
  1229 0001:000BAE8C  1232 0001:000BAE90  1233 0001:000BAE97  1234 0001:000BAEA2
  1235 0001:000BAEAF  1236 0001:000BAEB6  1239 0001:000BAEBC  1240 0001:000BAEDF
  1242 0001:000BAEE8  1243 0001:000BAF03  1246 0001:000BAF08  1247 0001:000BAF22
  1248 0001:000BAF3A  1249 0001:000BAF57  1250 0001:000BAF74  1252 0001:000BAF8F
  1264 0001:000BB0E0  1265 0001:000BB104  1267 0001:000BB10D  1268 0001:000BB128
  1271 0001:000BB12D  1272 0001:000BB158  1273 0001:000BB170  1274 0001:000BB18D
  1275 0001:000BB1AA  1277 0001:000BB1C5  1280 0001:000BB308  1281 0001:000BB314
  1283 0001:000BB31D  1284 0001:000BB338  1287 0001:000BB33A  1288 0001:000BB351
  1289 0001:000BB362  1290 0001:000BB37F  1292 0001:000BB39A  1297 0001:000BB468
  1298 0001:000BB47F  1299 0001:000BB488  1300 0001:000BB48C  1301 0001:000BB495
  1302 0001:000BB4A6  1303 0001:000BB4BF  1305 0001:000BB4C4  1306 0001:000BB4C6
  1305 0001:000BB4DE  1307 0001:000BB4E3  1310 0001:000BB504  1311 0001:000BB512
  1312 0001:000BB51A  1313 0001:000BB522  1314 0001:000BB52E  1321 0001:000BB540
  1322 0001:000BB54B  1326 0001:000BB557  1328 0001:000BB566  1329 0001:000BB56E
  1330 0001:000BB58A  1329 0001:000BB59C  1334 0001:000BB59F  1336 0001:000BB5BF
  1338 0001:000BB5CC  1340 0001:000BB5D2  1341 0001:000BB5DC  1342 0001:000BB5EA
  1346 0001:000BB5EE  1348 0001:000BB5F8  1349 0001:000BB605  1350 0001:000BB62D
  1352 0001:000BB63A  1353 0001:000BB64E  1354 0001:000BB65C  1356 0001:000BB666
  1358 0001:000BB673  1359 0001:000BB687  1360 0001:000BB695  1362 0001:000BB69F
  1364 0001:000BB6AC  1365 0001:000BB6C0  1366 0001:000BB6CE  1368 0001:000BB6D5
  1370 0001:000BB6DE  1371 0001:000BB6F2  1372 0001:000BB700  1374 0001:000BB707
  1376 0001:000BB70D  1377 0001:000BB721  1378 0001:000BB72F  1382 0001:000BB734
  1334 0001:000BB737  1323 0001:000BB73E  1384 0001:000BB748  1387 0001:000BB750
  1389 0001:000BB75D  1391 0001:000BB77C  1393 0001:000BB7BB  1394 0001:000BB7E3
  1395 0001:000BB814  1397 0001:000BB827  1398 0001:000BB84C  1399 0001:000BB871
  1400 0001:000BB896  1401 0001:000BB8BB  1402 0001:000BB8E0  1403 0001:000BB905
  1404 0001:000BB92A  1405 0001:000BB94F  1407 0001:000BB971  1408 0001:000BB99F
  1409 0001:000BB9D9  1413 0001:000BB9EA  1418 0001:000BB9F4  1419 0001:000BBA03
  1422 0001:000BBA07  1424 0001:000BBA0B  1426 0001:000BBA4B  1428 0001:000BBA55
  1429 0001:000BBA66  1430 0001:000BBA72  1431 0001:000BBA7E  1432 0001:000BBA8A
  1434 0001:000BBA94  1438 0001:000BBABC  1439 0001:000BBACC  1441 0001:000BBB19
  1442 0001:000BBB29  1444 0001:000BBB76  1445 0001:000BBB86  1447 0001:000BBBD3
  1448 0001:000BBBE3  1450 0001:000BBC30  1451 0001:000BBC40  1453 0001:000BBC8D
  1454 0001:000BBC9D  1456 0001:000BBCEA  1457 0001:000BBCFA  1459 0001:000BBD47
  1460 0001:000BBD57  1462 0001:000BBDA4  1463 0001:000BBDB4  1466 0001:000BBDFA
  1468 0001:000BBE07  1469 0001:000BBE18  1470 0001:000BBE24  1471 0001:000BBE30
  1472 0001:000BBE3C  1474 0001:000BBE46  1477 0001:000BBE65  1481 0001:000BBE74
  1482 0001:000BBE82  1483 0001:000BBE84  1484 0001:000BBE8E  1485 0001:000BBEA3
  1486 0001:000BBEB1  1487 0001:000BBEBF  1488 0001:000BBECD  1490 0001:000BBED9
  1494 0001:000BBEE4  1495 0001:000BBEF2  1496 0001:000BBEF4  1497 0001:000BBEFE
  1498 0001:000BBF13  1499 0001:000BBF21  1500 0001:000BBF2F  1501 0001:000BBF3D
  1503 0001:000BBF49  1506 0001:000BBF54  1507 0001:000BBF60  1509 0001:000BBF7B
  1511 0001:000BBF85  1513 0001:000BBF8E  1515 0001:000BBF98  1519 0001:000BBFA6
  1521 0001:000BBFB0  1523 0001:000BBFC5  1525 0001:000BBFCF  1529 0001:000BBFE6
  1531 0001:000BBFF0  1533 0001:000BC005  1535 0001:000BC00F  1539 0001:000BC01A
  1541 0001:000BC024  1543 0001:000BC02D  1545 0001:000BC037  1549 0001:000BC04C
  1550 0001:000BC05B  1551 0001:000BC06A  1552 0001:000BC078  1553 0001:000BC086
  1557 0001:000BC090  1558 0001:000BC0A8  1561 0001:000BC0B1  1562 0001:000BC0B4
  1563 0001:000BC0B9  1564 0001:000BC0BD  1565 0001:000BC0C1  1566 0001:000BC0C6
  1567 0001:000BC0CB  1569 0001:000BC0CF  1573 0001:000BC0EC  1574 0001:000BC0F0
  1575 0001:000BC0F2  1574 0001:000BC105  1576 0001:000BC10A  1581 0001:000BC110
  1582 0001:000BC115  1583 0001:000BC117  1585 0001:000BC11B  1586 0001:000BC15D
  1587 0001:000BC161  1588 0001:000BC165  1589 0001:000BC169  1590 0001:000BC16D
  1591 0001:000BC171  1592 0001:000BC175  1593 0001:000BC179  1594 0001:000BC17D
  1595 0001:000BC181  1596 0001:000BC185  1599 0001:000BC187  1600 0001:000BC1A0
  1601 0001:000BC1A6  1602 0001:000BC1AC  1603 0001:000BC1B2  1606 0001:000BC1B6
  1607 0001:000BC1CA  1612 0001:000BC1D0  1614 0001:000BC1F8  1615 0001:000BC212
  1616 0001:000BC221  1618 0001:000BC22A  1619 0001:000BC234  1620 0001:000BC238
  1621 0001:000BC23A  1614 0001:000BC23B  1622 0001:000BC23E  1626 0001:000BC264
  1627 0001:000BC280  1631 0001:000BC298  1633 0001:000BC2A9  1634 0001:000BC2F2
  1639 0001:000BC33C  1640 0001:000BC368  1641 0001:000BC384  1642 0001:000BC391
  1644 0001:000BC39A  1647 0001:000BC3B2  1649 0001:000BC3CC  1650 0001:000BC3D9
  1651 0001:000BC3DD  1652 0001:000BC3DF  1640 0001:000BC3E2  1653 0001:000BC3E5
  1656 0001:000BC414  1657 0001:000BC429  1658 0001:000BC432  1659 0001:000BC436
  1660 0001:000BC43F  1661 0001:000BC450  1662 0001:000BC455  1663 0001:000BC46E
  1666 0001:000BC48C  1667 0001:000BC49A  1668 0001:000BC4A2  1669 0001:000BC4AA
  1670 0001:000BC4B6  1673 0001:000BC4C8  1676 0001:000BC4D0  1677 0001:000BC4E8
  1674 0001:000BC4EF  1679 0001:000BC4F5  1682 0001:000BC4F8  1683 0001:000BC511
  1684 0001:000BC519  1685 0001:000BC530  1686 0001:000BC53B  1688 0001:000BC545
  1689 0001:000BC54A  1691 0001:000BC553  1692 0001:000BC560  1694 0001:000BC578
  1695 0001:000BC5B8  1696 0001:000BC5C3  1698 0001:000BC5C9  1699 0001:000BC5D4
  1701 0001:000BC5DA  1702 0001:000BC5E5  1707 0001:000BC5E9  1714 0001:000BC644
  1716 0001:000BC666  1718 0001:000BC68C  1720 0001:000BC69D  1721 0001:000BC6A6
  1722 0001:000BC6A8  1724 0001:000BC6CC  1725 0001:000BC6F2  1726 0001:000BC6FC
  1727 0001:000BC701  1722 0001:000BC704  1728 0001:000BC707  1730 0001:000BC70E
  1716 0001:000BC711  1731 0001:000BC71A  1735 0001:000BC748  1736 0001:000BC761
  1737 0001:000BC76A  1738 0001:000BC76D  1739 0001:000BC771  1740 0001:000BC776
  1745 0001:000BC794  1746 0001:000BC7D0  1747 0001:000BC7E3  1748 0001:000BC829
  1750 0001:000BC837  1752 0001:000BC865  1753 0001:000BC8B7  1754 0001:000BC8C7
  1768 0001:000BC980  1769 0001:000BC9B2  1770 0001:000BC9C0  1771 0001:000BCA04
  1772 0001:000BCA06  1773 0001:000BCA16  1774 0001:000BCA1C  1775 0001:000BCA2A
  1776 0001:000BCA35  1779 0001:000BCA5F  1781 0001:000BCA69  1782 0001:000BCA72
  1783 0001:000BCA76  1785 0001:000BCA8E  1786 0001:000BCA93  1787 0001:000BCA99
  1789 0001:000BCABB  1792 0001:000BCABF  1793 0001:000BCAED  1794 0001:000BCB09
  1797 0001:000BCB20  1798 0001:000BCB2E  1799 0001:000BCB34  1801 0001:000BCB4E
  1802 0001:000BCB53  1803 0001:000BCB61  1805 0001:000BCB78  1807 0001:000BCB85

Line numbers for main(main.pas) segment .itext

  1809 0002:00000C70

Line numbers for DirectOutput_explicit(DirectOutput_explicit.pas) segment .text

   151 0001:000BCCAC   152 0001:000BCCAF   153 0001:000BCCBC   154 0001:000BCCC7
   157 0001:000BCCCC   158 0001:000BCCCF   160 0001:000BCCD8   161 0001:000BCCDD
   163 0001:000BCCE4   166 0001:000BCCE8   167 0001:000BCD11   168 0001:000BCD1E
   169 0001:000BCD2E   171 0001:000BCD37   172 0001:000BCD3E   173 0001:000BCD4A
   175 0001:000BCD55   176 0001:000BCD6A   178 0001:000BCD82   179 0001:000BCD97
   181 0001:000BCDAF   182 0001:000BCDC4   184 0001:000BCDDC   185 0001:000BCDF1
   187 0001:000BCE09   188 0001:000BCE1E   190 0001:000BCE36   191 0001:000BCE4B
   193 0001:000BCE63   194 0001:000BCE78   196 0001:000BCE90   197 0001:000BCEA5
   199 0001:000BCEBD   200 0001:000BCED2   202 0001:000BCEEA   203 0001:000BCEFF
   205 0001:000BCF17   206 0001:000BCF2C   208 0001:000BCF44   209 0001:000BCF59
   219 0001:000BCF73   221 0001:000BCF7A   223 0001:000BCFB6

Line numbers for DirectOutput_explicit(DirectOutput_explicit.pas) segment .itext

   226 0002:00000C78   228 0002:00000C82

Line numbers for x52(x52.dpr) segment .itext

    12 0002:00000C84    13 0002:00000C94    14 0002:00000CA0    15 0002:00000CAE
    16 0002:00000CBF    17 0002:00000CD7    18 0002:00000CE3

Bound resource files

c:\program files (x86)\embarcadero\rad studio\7.0\lib\character.res
c:\program files (x86)\embarcadero\rad studio\7.0\lib\Controls.res
c:\program files (x86)\embarcadero\rad studio\7.0\lib\Buttons.res
c:\program files (x86)\embarcadero\rad studio\7.0\lib\FileCtrl.res
main.dfm
x52.res
x52.res
x52.drf


Program entry point at 0002:00000C84
